******************************************************************************
                  TI ARM Linker PC v16.9.6                     
******************************************************************************
>> Linked Tue Nov 18 09:29:11 2025

OUTPUT FILE NAME:   <out_of_box_6843_aop.xer4f>
ENTRY POINT SYMBOL: "_c_int00"  address: 00017dd4


MEMORY CONFIGURATION

         name            origin    length      used     unused   attr    fill
----------------------  --------  ---------  --------  --------  ----  --------
PAGE 0:
  VECTORS               00000000   00000100  0000003c  000000c4     X
  PROG_RAM              00000100   0007ff00  0001f5ce  00060932  R  X
  DATA_RAM              08000000   00030000  00022ea4  0000d15c  RW  
  L3_RAM                51000000   000c0000  000c0000  00000000  RW  
  HWA_RAM               52030000   00010000  00000000  00010000  RW  
  HS_RAM                52080000   00008000  00000000  00008000  RW  

PAGE 1:
  L3_RAM                51000000   000c0000  00000000  000c0000  RW  


SEGMENT ALLOCATION MAP

run origin  load origin   length   init length attrs members
----------  ----------- ---------- ----------- ----- -------
00000000    00000000    0000003c   0000003c    r--
  00000000    00000000    0000003c   0000003c    r-- .vecs
00000100    00000100    0001f5d8   0001f5d8    r-x
  00000100    00000100    0001de92   0001de92    r-x .text
  0001df98    0001df98    00001194   00001194    r-- .const
  0001f130    0001f130    000005a8   000005a8    r-- .cinit
08000000    08000000    00022ea8   00000000    rw-
  08000000    08000000    00010000   00000000    rw- systemHeap
  08010000    08010000    0000c400   00000000    rw- .DPC_objDetTcmbHeap
  0801c400    0801c400    00003ab0   00000000    rw- .bss
  0801feb0    0801feb0    00002344   00000000    rw- .data
  080221f8    080221f8    00000800   00000000    rw- .myFiqStack
  080229f8    080229f8    000004b0   00000000    rw- .stack
51000000    51000000    000c0000   00000000    rw-
  51000000    51000000    000c0000   00000000    rw- .l3ram


SECTION ALLOCATION MAP

 output                                  attributes/
section   page    origin      length       input sections
--------  ----  ----------  ----------   ----------------
.vecs      0    00000000    0000003c     
                  00000000    0000003c     mmw_per4ft.oer4ft (.vecs)

.text      0    00000100    0001de92     
                  00000100    0000107a     rtsv7R4_T_le_v3D16_eabi.lib : _printfi.obj (.text)
                  0000117a    00000002     libadcbuf_xwr68xx.aer4f : adcbuf_mmwave.oer4f (.text:ADCBUF_MMWave_init)
                  0000117c    000006b8     main.oer4f (.text:MmwDemo_dataPathConfig)
                  00001834    00000658     libhwa_xwr68xx.aer4f : hwa.oer4f (.text:HWA_configParamSet)
                  00001e8c    000005fc     rtsv7R4_T_le_v3D16_eabi.lib : k_rem_pio2.obj (.text)
                  00002488    00000008     objectdetection.oer4f (.text:DPC_ObjDet_MemPoolReset)
                  00002490    000004e1     sysbios.aer4ft : BIOS.obj (.text:xdc_runtime_System_doPrint__I)
                  00002971    00000001     --HOLE-- [fill = 0]
                  00002972    00000002     libhwa_xwr68xx.aer4f : hwa.oer4f (.text:HWA_init)
                  00002974    000004d8     rangeprochwa.oer4f (.text:DPU_RangeProcHWA_config)
                  00002e4c    000004a8     libadcbuf_xwr68xx.aer4f : adcbuf_mmwave.oer4f (.text:ADCBUF_MMWave_control)
                  000032f4    00000454     main.oer4f (.text:MmwDemo_initTask)
                  00003748    00000452     mmw_cli.oer4f (.text:MmwDemo_CLIInit)
                  00003b9a    00000002     libmmwave_xwr68xx.aer4f : mmwave_link.oer4f (.text:MMWave_maskHostIRQ)
                  00003b9c    00000410     libcli_xwr68xx.aer4f : cli_mmwave.oer4f (.text:CLI_MMWaveVersion)
                  00003fac    00000410     main.oer4f (.text:MmwDemo_openSensor)
                  000043bc    000003f4     rtsv7R4_T_le_v3D16_eabi.lib : s_cos.obj (.text)
                  000047b0    000003a7     mmw_cli.oer4f (.text:MmwDemo_CLISensorStart)
                  00004b57    00000001     --HOLE-- [fill = 0]
                  00004b58    00000348     mmwdemo_rfparser.oer4f (.text:MmwDemo_RFParser_parseCtrlConfig)
                  00004ea0    00000314     libsoc_xwr68xx.aer4f : soc_xwr68xx_mss.oer4f (.text:SOC_deviceInit)
                  000051b4    000002f8     libcbuff_xwr68xx.aer4f : cbuff.oer4f (.text:CBUFF_createSession)
                  000054ac    00000004     libedma_xwr68xx.aer4f : edma.oer4f (.text:EDMA_getNumInstances)
                  000054b0    000002f4     sysbios.aer4ft : BIOS.obj (.text:ti_sysbios_knl_Semaphore_pend__E)
                  000057a4    000002e8     main.oer4f (.text:MmwDemo_DPC_ObjectDetection_dpmTask)
                  00005a8c    000002cc     objectdetection.oer4f (.text:DPC_ObjectDetection_ioctl)
                  00005d58    00000008     libosal_xwr68xx.aer4f : HwiP_tirtos.oer4f (.text:HwiP_disable)
                  00005d60    000002cc     sysbios.aer4ft : BIOS.obj (.text:ti_sysbios_knl_Task_Instance_finalize__E)
                  0000602c    000002c4     libhwa_xwr68xx.aer4f : hwa.oer4f (.text:HWA_configCommon)
                  000062f0    000002b8     rtsv7R4_T_le_v3D16_eabi.lib : ull_div32.obj (.text)
                  000065a8    00000008     libmmwave_xwr68xx.aer4f : mmwave.oer4f (.text:MMWave_decodeErrorLevel)
                  000065b0    000002a4     sysbios.aer4ft : BIOS.obj (.text:ti_sysbios_heaps_HeapMem_freeUnprotected__E)
                  00006854    00000284     libmmwave_xwr68xx.aer4f : mmwave_dualcore.oer4f (.text:MMWave_deviceExecuteFxn)
                  00006ad8    00000280     libhsiheader_xwr68xx.aer4f : hsiheader.oer4f (.text:HSIHeader_createHeader)
                  00006d58    00000008     libmmwave_xwr68xx.aer4f : mmwave_link.oer4f (.text:MMWave_mboxCallbackFxn)
                  00006d60    00000280     sysbios.aer4ft : BIOS.obj (.text:ti_sysbios_family_arm_exc_Exception_excDumpContext__I)
                  00006fe0    0000027c     main.oer4f (.text:MmwDemo_DPC_ObjectDetection_reportFxn)
                  0000725c    0000026c     libqspiflash_xwr68xx.aer4f : qspiflash.oer4f (.text:QSPIFlash_open)
                  000074c8    00000264     libcbuff_xwr68xx.aer4f : cbuff.oer4f (.text:CBUFF_init)
                  0000772c    00000260     libmailbox_xwr68xx.aer4f : mailbox.oer4f (.text:Mailbox_open)
                  0000798c    00000258     main.oer4f (.text:MmwDemo_sensorStopEpilog)
                  00007be4    00000254     libcli_xwr68xx.aer4f : cli_mmwave.oer4f (.text:CLI_MMWaveProfileCfg)
                  00007e38    0000023c     mmw_lvds_stream.oer4f (.text:MmwDemo_LVDSStreamHwConfig)
                  00008074    0000022c     libcbuff_xwr68xx.aer4f : cbuff_lvds.oer4f (.text:CBUFF_openLVDS)
                  000082a0    00000228     sysbios.aer4ft : BIOS.obj (.text:ti_sysbios_heaps_HeapMem_allocUnprotected__E)
                  000084c8    00000008     libosal_xwr68xx.aer4f : MemoryP_tirtos.oer4f (.text:MemoryP_getStats)
                  000084d0    00000224     sysbios.aer4ft : BIOS.obj (.text:ti_sysbios_timers_rti_Timer_Module_startup__E)
                  000086f4    00000214     libuart_xwr68xx.aer4f : uartsci.oer4f (.text:UartSci_open)
                  00008908    0000020c     main.oer4f (.text:MmwDemo_eventCallbackFxn)
                  00008b14    0000020a     libcbuff_xwr68xx.aer4f : cbuff_transfer.oer4f (.text:CBUFF_addLinkedList)
                  00008d1e    00000002     libqspiflash_xwr68xx.aer4f : qspiflash.oer4f (.text:QSPIFlash_init)
                  00008d20    00000204     libcli_xwr68xx.aer4f : cli_mmwave.oer4f (.text:CLI_MMWaveChirpCfg)
                  00008f24    00000204     libcrc_xwr68xx.aer4f : crc.oer4f (.text:CRC_open)
                  00009128    00000008     data_path.oer4f (.text:MmwDemo_dataPathObjInit)
                  00009130    00000204     sysbios.aer4ft : BIOS.obj (.text:ti_sysbios_knl_Task_sleep__E)
                  00009334    0000000c     libedma_xwr68xx.aer4f : edma_low_level.oer4f (.text:EDMA3ChannelToParamMap)
                  00009340    00000200     sysbios.aer4ft : BIOS.obj (.text:ti_sysbios_knl_Task_Instance_init__E)
                  00009540    000001f0     libdma_xwr68xx.aer4f : dma.oer4f (.text:DMA_setChannelParams)
                  00009730    000001ef     libedma_xwr68xx.aer4f : edma.oer4f (.text:EDMA_paramConfig_assist)
                  0000991f    00000001     --HOLE-- [fill = 0]
                  00009920    000001e4     rtsv7R4_T_le_v3D16_eabi.lib : strtod.obj (.text)
                  00009b04    000001d4     libcbuff_xwr68xx.aer4f : cbuff_edma.oer4f (.text:CBUFF_configEDMA)
                  00009cd8    000001d0     libmmwave_xwr68xx.aer4f : mmwave_link.oer4f (.text:MMWave_openLink)
                  00009ea8    000001cc     rangeprochwa.oer4f (.text:rangeProcHWA_ConfigHWA)
                  0000a074    0000000c     libedma_xwr68xx.aer4f : edma_low_level.oer4f (.text:EDMAsetRegion)
                  0000a080    000001cc     sysbios.aer4ft : BIOS.obj (.text:ti_sysbios_family_arm_v7r_vim_Hwi_dispatchIRQC__I)
                  0000a24c    000001c8     libcbuff_xwr68xx.aer4f : cbuff_lvds.oer4f (.text:CBUFF_initLVDS)
                  0000a414    000001c8     libmmwavelink_xwr68xx.aer4f : rl_driver.oer4f (.text:rlDriverRxHdrRead)
                  0000a5dc    000001c8     rtsv7R4_T_le_v3D16_eabi.lib : fopen.obj (.text)
                  0000a7a4    000001c4     libedma_xwr68xx.aer4f : edma.oer4f (.text:EDMA_open)
                  0000a968    000001b4                           : edma.oer4f (.text:EDMA_configChannel)
                  0000ab1c    000001b0     libmmwavelink_xwr68xx.aer4f : rl_driver.oer4f (.text:rlDriverMsgRead)
                  0000accc    000001a4     libcbuff_xwr68xx.aer4f : cbuff.oer4f (.text:CBUFF_activateSession)
                  0000ae70    000001a4     libcli_xwr68xx.aer4f : cli_mmwave.oer4f (.text:CLI_MMWaveSubFrameCfg)
                  0000b014    000001a4     libmmwave_xwr68xx.aer4f : mmwave_dualcore.oer4f (.text:MMWave_serializeCfg)
                  0000b1b8    0000019c     objectdetection.oer4f (.text:DPC_ObjDet_rangeConfig)
                  0000b354    0000000c     libmmwave_xwr68xx.aer4f : mmwave_dualcore.oer4f (.text:MMWave_deviceMailboxCallbackFxn)
                  0000b360    0000019c     sysbios.aer4ft : BIOS.obj (.text:xdc_runtime_Error_policyDefault__E)
                  0000b4fc    00000190     libmmwavelink_xwr68xx.aer4f : rl_driver.oer4f (.text:rlDriverCmdInvoke)
                  0000b68c    00000188     libhwa_xwr68xx.aer4f : hwa.oer4f (.text:HWA_open)
                  0000b814    00000188     main.oer4f (.text:MmwDemo_transmitProcessedOutput)
                  0000b99c    00000004     libosal_xwr68xx.aer4f : HwiP_tirtos.oer4f (.text:HwiP_disableInterrupt)
                  0000b9a0    00000184     sysbios.aer4ft : BIOS.obj (.text:xdc_runtime_LoggerBuf_write8__E)
                  0000bb24    00000180     libdpm_xwr68xx.aer4f : dpm_core.oer4f (.text:DPM_init)
                  0000bca4    00000180                          : dpm_msg.oer4f (.text:DPM_msgRecv)
                  0000be24    00000170     libgpio_xwr68xx.aer4f : gpio.oer4f (.text:GPIO_setConfig)
                  0000bf94    00000170     main.oer4f (.text:main)
                  0000c104    0000000c     libmmwave_xwr68xx.aer4f : mmwave_osal.oer4f (.text:MMWave_osalMutexUnlock)
                  0000c110    0000016c     sysbios.aer4ft : BIOS.obj (.text:ti_sysbios_knl_Semaphore_post__E)
                  0000c27c    00000004     libosal_xwr68xx.aer4f : HwiP_tirtos.oer4f (.text:HwiP_enableInterrupt)
                  0000c280    00000168     sysbios.aer4ft : BIOS.obj (.text:ti_sysbios_family_arm_exc_Exception_excHandler__I)
                  0000c3e8    00000167     mmw_cli.oer4f (.text:MmwDemo_CLICalibDcRangeSig)
                  0000c54f    00000001     --HOLE-- [fill = 0]
                  0000c550    00000164     rangeprochwa.oer4f (.text:DPU_RangeProcHWA_process)
                  0000c6b4    00000164     mmw_lvds_stream.oer4f (.text:MmwDemo_LVDSStreamInit)
                  0000c818    00000160     libqspi_xwr68xx.aer4f : qspi.oer4f (.text:QSPI_open)
                  0000c978    00000008     libosal_xwr68xx.aer4f : SemaphoreP_tirtos.oer4f (.text:SemaphoreP_Params_init)
                  0000c980    00000160     sysbios.aer4ft : BIOS.obj (.text:ti_sysbios_family_arm_v7r_vim_Hwi_reconfig__E)
                  0000cae0    00000158                    : BIOS.obj (.text:ti_sysbios_knl_Task_postInit__I)
                  0000cc38    0000014c     libcli_xwr68xx.aer4f : cli_mmwave.oer4f (.text:CLI_MMWaveFrameCfg)
                  0000cd84    0000014c                          : cli.oer4f (.text:CLI_task)
                  0000ced0    0000014c     libmmwave_xwr68xx.aer4f : mmwave_link.oer4f (.text:MMWave_initMMWaveLink)
                  0000d01c    0000014a     libuart_xwr68xx.aer4f : uartsci.oer4f (.text:UartSci_ISR)
                  0000d166    00000002     libqspi_xwr68xx.aer4f : qspi.oer4f (.text:QSPI_init)
                  0000d168    00000148     libhsiheader_xwr68xx.aer4f : hsiheader.oer4f (.text:HSIHeader_init)
                  0000d2b0    00000148     main.oer4f (.text:MmwDemo_startSensor)
                  0000d3f8    00000148     libmmwavelink_xwr68xx.aer4f : rl_driver.oer4f (.text:rlDriverCmdSendRetry)
                  0000d540    00000144     objectdetection.oer4f (.text:DPC_ObjectDetection_init)
                  0000d684    0000000c     libmmwave_xwr68xx.aer4f : mmwave_osal.oer4f (.text:MMWave_osalSemSignal)
                  0000d690    00000140     sysbios.aer4ft : BIOS.obj (.text:ti_sysbios_heaps_HeapMem_Instance_init__E)
                  0000d7d0    00000140                    : BIOS.obj (.text:xdc_runtime_Core_createObject__I)
                  0000d910    0000013c     mmw_lvds_stream.oer4f (.text:MmwDemo_LVDSStreamDeleteHwSession)
                  0000da4c    00000004     libmmwave_xwr68xx.aer4f : mmwave_link.oer4f (.text:MMWave_disableDevice)
                  0000da50    0000013c     sysbios.aer4ft : BIOS.obj (.text:ti_sysbios_knl_Clock_workFunc__E)
                  0000db8c    00000134     libadcbuf_xwr68xx.aer4f : adcbuf_mmwave.oer4f (.text:ADCBUF_MMWave_open)
                  0000dcc0    00000134     sysbios.aer4ft : BIOS.obj (.text:xdc_runtime_Startup_startMods__I)
                  0000ddf4    00000130     mmw_lvds_stream.oer4f (.text:MmwDemo_LVDSStreamDeleteSwSession)
                  0000df24    00000128     main.oer4f (.text:MmwDemo_MMWave_stop)
                  0000e04c    00000128     libmathutils.aer4f : mathutils.oer4f (.text:mathUtils_genWindow)
                  0000e174    0000000c     main.oer4f (.text:MmwDemo_resetDynObjDetCfgPendingState)
                  0000e180    00000128     sysbios.aer4ft : BIOS.obj (.text:ti_sysbios_utils_Load_updateThreadContexts__E)
                  0000e2a8    00000124     libcli_xwr68xx.aer4f : cli_mmwave.oer4f (.text:CLI_MMWaveAdvFrameCfg)
                  0000e3cc    00000124                          : cli_mmwave.oer4f (.text:CLI_MMWaveContModeCfg)
                  0000e4f0    00000124     libedma_xwr68xx.aer4f : edma.oer4f (.text:EDMA_init)
                  0000e614    00000124     data_path.oer4f (.text:MmwDemo_edmaOpen)
                  0000e738    00000008     rangeprochwa.oer4f (.text:rangeProcHWADoneIsrCallback)
                  0000e740    00000120     sysbios.aer4ft : BIOS.obj (.text:xdc_runtime_LoggerBuf_write4__E)
                  0000e860    0000011c     objectdetection.oer4f (.text:DPC_ObjectDetection_execute)
                  0000e97c    0000011c     mmw_cli.oer4f (.text:MmwDemo_CLILvdsStreamCfg)
                  0000ea98    00000118     libedma_xwr68xx.aer4f : edma.oer4f (.text:EDMA_transferComplete_isr)
                  0000ebb0    00000118     main.oer4f (.text:MmwDemo_stopSensor)
                  0000ecc8    00000008     libmmwavelink_xwr68xx.aer4f : rl_driver.oer4f (.text:rlDriverConstructOutMsg)
                  0000ecd0    00000118     sysbios.aer4ft : BIOS.obj (.text:ti_sysbios_family_arm_v7r_vim_Hwi_Instance_init__E)
                  0000ede8    00000114     libedma_xwr68xx.aer4f : edma.oer4f (.text:EDMA_configErrorMonitoring)
                  0000eefc    0000010c     libdpedma_hwa_xwr68xx.aer4f : dpedma.oer4f (.text:DPEDMA_configSyncAB)
                  0000f008    0000010c     libdpm_xwr68xx.aer4f : dpm_msg.oer4f (.text:DPM_msgResultHandler)
                  0000f114    0000010c     libmmwave_xwr68xx.aer4f : mmwave_link.oer4f (.text:MMWave_asyncEventHandler)
                  0000f220    0000010c                             : mmwave_dualcore.oer4f (.text:MMWave_deviceInitFxn)
                  0000f32c    00000004                             : mmwave_link.oer4f (.text:MMWave_enableDevice)
                  0000f330    0000010c     sysbios.aer4ft : BIOS.obj (.text:ti_sysbios_knl_Task_schedule__I)
                  0000f43c    00000004     libmmwave_xwr68xx.aer4f : mmwave_listlib.oer4f (.text:MMWave_listGetHead)
                  0000f440    0000010c     sysbios.aer4ft : BIOS.obj (.text:xdc_runtime_Core_constructObject__I)
                  0000f54c    00000108     libdma_xwr68xx.aer4f : dma.oer4f (.text:DMA_disableInterrupt)
                  0000f654    00000108     libmailbox_xwr68xx.aer4f : mailbox.oer4f (.text:Mailbox_write)
                  0000f75c    00000104     libcbuff_xwr68xx.aer4f : cbuff.oer4f (.text:CBUFF_deinit)
                  0000f860    00000104     libdpedma_hwa_xwr68xx.aer4f : dpedma.oer4f (.text:DPEDMA_configSyncA_singleFrame)
                  0000f964    00000104     libmmwave_xwr68xx.aer4f : mmwave_link.oer4f (.text:MMWave_startLink)
                  0000fa68    00000104     mmw_cli.oer4f (.text:MmwDemo_CLICfarCfg)
                  0000fb6c    00000004     libmmwave_xwr68xx.aer4f : mmwave_listlib.oer4f (.text:MMWave_listGetNext)
                  0000fb70    00000104     sysbios.aer4ft : BIOS.obj (.text:ti_sysbios_timers_rti_Timer_getFreq__E)
                  0000fc74    00000100     libcli_xwr68xx.aer4f : cli_mmwave.oer4f (.text:CLI_MMWaveBPMCfgAdvanced)
                  0000fd74    00000100     libdma_xwr68xx.aer4f : dma.oer4f (.text:DMA_clearChannelInterruptFlag)
                  0000fe74    00000100     libmmwavelink_xwr68xx.aer4f : rl_driver.oer4f (.text:rlDriverInit)
                  0000ff74    000000fc     libcbuff_xwr68xx.aer4f : cbuff.oer4f (.text:CBUFF_deleteSession)
                  00010070    000000fc     libcrc_xwr68xx.aer4f : crc.oer4f (.text:CRC_computeSignature)
                  0001016c    000000fc     mmw_cli.oer4f (.text:MmwDemo_CLIADCBufCfg)
                  00010268    00000008     libmmwavelink_xwr68xx.aer4f : rl_driver.oer4f (.text:rlDriverGetHandle)
                  00010270    000000fc     sysbios.aer4ft : BIOS.obj (.text:ti_sysbios_knl_Task_exit__E)
                  0001036c    000000f8     objectdetection.oer4f (.text:DPC_ObjectDetection_frameStart)
                  00010464    000000f8     mmw_lvds_stream.oer4f (.text:MmwDemo_configLVDSHwData)
                  0001055c    000000f8     libmmwavelink_xwr68xx.aer4f : rl_driver.oer4f (.text:rlDriverRdVerifyMsg)
                  00010654    000000f8     mmw_per4ft.oer4ft (.text:xdc_runtime_System_printfExtend__I)
                  0001074c    00000004     libmmwave_xwr68xx.aer4f : mmwave_link.oer4f (.text:MMWave_mboxClose)
                  00010750    000000f0     sysbios.aer4ft : BIOS.obj (.text:ti_sysbios_family_arm_v7r_vim_Hwi_Module_startup__E)
                  00010840    000000f0                    : BIOS.obj (.text:ti_sysbios_knl_Task_startCore__E)
                  00010930    000000f0                    : BIOS.obj (.text:ti_sysbios_utils_Load_taskCreateHook__E)
                  00010a20    000000ec     rtsv7R4_T_le_v3D16_eabi.lib : s_scalbn.obj (.text)
                  00010b0c    00000004     libmmwave_xwr68xx.aer4f : mmwave_link.oer4f (.text:MMWave_mboxRead)
                  00010b10    000000ec     sysbios.aer4ft : BIOS.obj (.text:ti_sysbios_heaps_HeapBuf_Module_startup__E)
                  00010bfc    000000ea     libdpedma_hwa_xwr68xx.aer4f : dpedmahwa.oer4f (.text:DPEDMAHWA_configTwoHotSignature)
                  00010ce6    00000002     libuart_xwr68xx.aer4f : uartsci.oer4f (.text:UartSci_init)
                  00010ce8    000000e8     libmmwavelink_xwr68xx.aer4f : rl_sensor.oer4f (.text:rlRfCalibDataStore)
                  00010dd0    000000e4                                 : rl_sensor.oer4f (.text:rlRfPhShiftCalibDataRestore)
                  00010eb4    000000e2     rangeprochwa.oer4f (.text:rangeProcHWA_ConfigEDMA_DataIn)
                  00010f96    00000002     rtsv7R4_T_le_v3D16_eabi.lib : i_div0.obj (.text)
                  00010f98    000000e0     libcli_xwr68xx.aer4f : cli.oer4f (.text:CLI_open)
                  00011078    000000e0     libdma_xwr68xx.aer4f : dma.oer4f (.text:DMA_enableInterrupt)
                  00011158    000000e0     objectdetection.oer4f (.text:DPC_ObjDet_preStartConfig)
                  00011238    000000e0     main.oer4f (.text:MmwDemo_dataPathStart)
                  00011318    000000e0     rtsv7R4_T_le_v3D16_eabi.lib : s_floor.obj (.text)
                  000113f8    000000dc     libmmwave_xwr68xx.aer4f : mmwave.oer4f (.text:MMWave_init)
                  000114d4    000000dc     main.oer4f (.text:MmwDemo_platformInit)
                  000115b0    000000dc     libmmwavelink_xwr68xx.aer4f : rl_driver.oer4f (.text:rlDriverMsgCmdReply)
                  0001168c    000000dc     rtsv7R4_T_le_v3D16_eabi.lib : setvbuf.obj (.text)
                  00011768    000000d8     main.oer4f (.text:MmwDemo_calibInit)
                  00011840    000000d4     libmailbox_xwr68xx.aer4f : mailbox.oer4f (.text:Mailbox_read)
                  00011914    000000d4     libmmwavelink_xwr68xx.aer4f : rl_sensor.oer4f (.text:rlSetMultiBpmChirpConfig)
                  000119e8    00000008     sysbios.aer4ft : BIOS.obj (.text:ti_sysbios_family_arm_v7a_Pmu_getEnabled__E)
                  000119f0    000000d4                    : BIOS.obj (.text:ti_sysbios_utils_Load_logLoads__I)
                  00011ac4    000000d0     libsoc_xwr68xx.aer4f : soc_xwr68xx_mss.oer4f (.text:SOC_controlSecureFirewall)
                  00011b94    000000d0     sysbios.aer4ft : exc_Exception_asm.obj (.text:ti_sysbios_family_arm_exc_Exception_excHandlerAsm__I)
                  00011c64    0000000c     libuart_xwr68xx.aer4f : UART.oer4f (.text:UART_Params_init)
                  00011c70    000000d0     sysbios.aer4ft : BIOS.obj (.text:ti_sysbios_utils_Load_idleFxn__E)
                  00011d40    000000d0                    : BIOS.obj (.text:xdc_runtime_LoggerBuf_Instance_init__E)
                  00011e10    000000cc     libhwa_xwr68xx.aer4f : hwa.oer4f (.text:HWA_enableParamSetInterrupt)
                  00011edc    000000cc     libmmwavelink_xwr68xx.aer4f : rl_sensor.oer4f (.text:rlRfCalibDataRestore)
                  00011fa8    000000cc                                 : rl_sensor.oer4f (.text:rlSetChirpConfig)
                  00012074    000000cc     rtsv7R4_T_le_v3D16_eabi.lib : fflush.obj (.text)
                  00012140    000000cc     sysbios.aer4ft : BIOS.obj (.text:ti_sysbios_knl_Task_checkStacks__E)
                  0001220c    000000c8     rangeprochwa.oer4f (.text:DPU_RangeProcHWA_init)
                  000122d4    000000c8     libmmwave_xwr68xx.aer4f : mmwave_fullcfg.oer4f (.text:MMWave_addChirp)
                  0001239c    000000c8                             : mmwave_link.oer4f (.text:MMWave_configBPM)
                  00012464    000000c8                             : mmwave_fullcfg.oer4f (.text:MMWave_flushCfg)
                  0001252c    000000c8                             : mmwave_fullcfg.oer4f (.text:MMWave_getChirpHandle)
                  000125f4    000000c8     libsoc_xwr68xx.aer4f : soc_xwr68xx.oer4f (.text:SOC_ungateClock)
                  000126bc    000000c8     libmmwavelink_xwr68xx.aer4f : rl_sensor.oer4f (.text:rlSetFrameConfig)
                  00012784    000000c4     libcbuff_xwr68xx.aer4f : cbuff_transfer.oer4f (.text:CBUFF_setupNonInterleaved_CP_ADC_CQ)
                  00012848    000000c4     libdpm_xwr68xx.aer4f : dpm_core.oer4f (.text:DPM_deinit)
                  0001290c    000000c4                          : dpm_core.oer4f (.text:DPM_ioctl)
                  000129d0    000000c4     sysbios.aer4ft : BIOS.obj (.text:ti_sysbios_family_arm_v7a_Pmu_configureCounter__E)
                  00012a94    000000c0     mmw_cli.oer4f (.text:MmwDemo_CLIAnalogMonitorCfg)
                  00012b54    000000c0     libmmwavelink_xwr68xx.aer4f : rl_driver.oer4f (.text:rlDriverMsgWrite)
                  00012c14    0000000c     libuart_xwr68xx.aer4f : uartsci_dma.oer4f (.text:UartSci_isDMAEnabled)
                  00012c20    000000c0     sysbios.aer4ft : BIOS.obj (.text:ti_sysbios_timers_rti_Timer_startup__E)
                  00012ce0    000000bc     libcli_xwr68xx.aer4f : cli.oer4f (.text:CLI_help)
                  00012d9c    000000bc     libgpio_xwr68xx.aer4f : gpio.oer4f (.text:GPIO_write)
                  00012e58    000000bc     libmmwave_xwr68xx.aer4f : mmwave_link.oer4f (.text:MMWave_computeCRC)
                  00012f14    000000bc     mmw_lvds_stream.oer4f (.text:MmwDemo_LVDSStream_EDMAInit)
                  00012fd0    000000bc     rtsv7R4_T_le_v3D16_eabi.lib : open.obj (.text)
                  0001308c    000000b8     libcbuff_xwr68xx.aer4f : cbuff.oer4f (.text:CBUFF_ISR)
                  00013144    000000b8                            : cbuff_transfer.oer4f (.text:CBUFF_setupTransfer)
                  000131fc    000000b8     libdma_xwr68xx.aer4f : dma.oer4f (.text:DMA_getChannelInterruptFlag)
                  000132b4    000000b8     mmw_cli.oer4f (.text:MmwDemo_CLICompRangeBiasAndRxChanPhaseCfg)
                  0001336c    000000b8     rtsv7R4_T_le_v3D16_eabi.lib : k_cos.obj (.text)
                  00013424    000000b6     libsoc_xwr68xx.aer4f : soc_mpu.o (.text)
                  000134da    00000006     libosal_xwr68xx.aer4f : CycleprofilerP_tirtos.oer4f (.text:CycleprofilerP_getTimeStamp)
                  000134e0    000000b4     sysbios.aer4ft : BIOS.obj (.text:ti_sysbios_gates_GateMutex_enter__E)
                  00013594    0000000c                    : arm_IntrinsicsSupport_asm.obj (.text:_ti_sysbios_family_arm_IntrinsicsSupport_maxbitA)
                  000135a0    000000b4                    : BIOS.obj (.text:xdc_runtime_LoggerBuf_setFilterLevel__E)
                  00013654    000000b2     libuart_xwr68xx.aer4f : uartsci_dma.oer4f (.text:UartSci_openDMA)
                  00013706    00000002     mmw_per4ft.oer4ft (.text:ti_sysbios_BIOS_nullFunc__I)
                  00013708    000000b0     libcbuff_xwr68xx.aer4f : cbuff.oer4f (.text:CBUFF_deactivateSession)
                  000137b8    000000b0     libmmwave_xwr68xx.aer4f : mmwave_fullcfg.oer4f (.text:MMWave_addProfile)
                  00013868    000000b0     libmmwavelink_xwr68xx.aer4f : rl_sensor.oer4f (.text:rlSetProfileConfig)
                  00013918    00000008     mmw_per4ft.oer4ft (.text:xdc_runtime_Text_visitRope__I)
                  00013920    000000b0     sysbios.aer4ft : BIOS.obj (.text:ti_sysbios_utils_Load_updateLoads__E)
                  000139d0    000000b0                    : BIOS.obj (.text:xdc_runtime_Text_putMod__E)
                  00013a80    000000ae     mmwdemo_adcconfig.oer4f (.text:MmwDemo_ADCBufConfig)
                  00013b2e    000000ae     rtsv7R4_T_le_v3D16_eabi.lib : _io_perm.obj (.text)
                  00013bdc    000000ac     rangeprochwa.oer4f (.text:DPU_RangeProcHWA_control)
                  00013c88    000000ac     libesm_xwr68xx.aer4f : esm.oer4f (.text:ESM_processInterrupt)
                  00013d34    0000000c     rtsv7R4_T_le_v3D16_eabi.lib : copy_zero_init.obj (.text:decompress:ZI)
                  00013d40    000000ac     sysbios.aer4ft : BIOS.obj (.text:ti_sysbios_knl_Task_Module_startup__E)
                  00013dec    00000004     libmmwave_xwr68xx.aer4f : mmwave_link.oer4f (.text:MMWave_registerInterruptHandler)
                  00013df0    000000ac     sysbios.aer4ft : BIOS.obj (.text:ti_sysbios_utils_Load_startup__E)
                  00013e9c    000000a8     libadcbuf_xwr68xx.aer4f : adcbuf_mmwave.oer4f (.text:ADCBUF_MMWave_getChanBufAddr)
                  00013f44    000000a8     libcli_xwr68xx.aer4f : cli_mmwave.oer4f (.text:CLI_MMWaveExtensionHelp)
                  00013fec    000000a8     libedma_xwr68xx.aer4f : edma_low_level.oer4f (.text:EDMA3Init)
                  00014094    000000a8     libmmwave_xwr68xx.aer4f : mmwave_link.oer4f (.text:MMWave_configureProfileChirp)
                  0001413c    000000a8                             : mmwave_fullcfg.oer4f (.text:MMWave_getBpmChirpHandle)
                  000141e4    000000a8     libpinmux_xwr68xx.aer4f : pinmux.oer4f (.text:Pinmux_Set_OverrideCtrl)
                  0001428c    000000a8     libsoc_xwr68xx.aer4f : soc.oer4f (.text:SOC_deregisterSysIntListener)
                  00014334    000000a8     libmmwavelink_xwr68xx.aer4f : rl_driver.oer4f (.text:rlDriverWaitForResponse)
                  000143dc    000000a8                                 : rl_sensor.oer4f (.text:rlSetAdvFrameConfig)
                  00014484    000000a4     libdma_xwr68xx.aer4f : dma.oer4f (.text:DMA_assignChannel)
                  00014528    000000a4     objectdetection.oer4f (.text:DPC_ObjectDetection_start)
                  000145cc    000000a4     libesm_xwr68xx.aer4f : esm.oer4f (.text:ESM_init)
                  00014670    000000a4     libmmwave_xwr68xx.aer4f : mmwave_fullcfg.oer4f (.text:MMWave_addBpmChirp)
                  00014714    000000a4                             : mmwave.oer4f (.text:MMWave_start)
                  000147b8    000000a4     libqspiflash_xwr68xx.aer4f : qspiflash.oer4f (.text:QSPIFlash_mmapWrite)
                  0001485c    000000a4     libsoc_xwr68xx.aer4f : soc_xwr68xx_mss.oer4f (.text:SOC_unhaltDSS)
                  00014900    000000a4     rtsv7R4_T_le_v3D16_eabi.lib : k_sin.obj (.text)
                  000149a4    000000a3     data_path.oer4f (.text:MmwDemo_edmaInit)
                  00014a47    00000001     --HOLE-- [fill = 0]
                  00014a48    00000006     libdpm_xwr68xx.aer4f : dpm_mailbox.oer4f (.text:DPM_mboxSynch)
                  00014a4e    00000002     mmw_per4ft.oer4ft (.text:xdc_runtime_Startup_reset__I)
                  00014a50    000000a2     sysbios.aer4ft : BIOS.obj (.text:xdc_runtime_Text_putSite__E)
                  00014af2    00000002     --HOLE-- [fill = 0]
                  00014af4    000000a0     main.oer4f (.text:MmwDemo_convertCfarToLinear)
                  00014b94    000000a0     libqspiflash_xwr68xx.aer4f : qspiflash.oer4f (.text:QSPIFlash_configMmapRead)
                  00014c34    000000a0                                : qspiflash_device_macronix.oer4f (.text:QSPIFlash_macronix_progQuadRead)
                  00014cd4    000000a0     libsoc_xwr68xx.aer4f : soc.oer4f (.text:SOC_registerSysIntListener)
                  00014d74    000000a0     auto_init.aer4ft : auto_init.oer4ft (.text)
                  00014e14    0000000c     libmmwavelink_xwr68xx.aer4f : rl_driver.oer4f (.text:rlDriverGetPlatformId)
                  00014e20    000000a0     sysbios.aer4ft : BIOS.obj (.text:ti_sysbios_knl_Task_blockI__E)
                  00014ec0    0000009c     libmmwave_xwr68xx.aer4f : mmwave_link.oer4f (.text:MMWave_configLink)
                  00014f5c    0000009c                             : mmwave_fullcfg.oer4f (.text:MMWave_getProfileHandle)
                  00014ff8    0000009c     mmw_cli.oer4f (.text:MmwDemo_CLIMeasureRangeBiasAndRxChanPhaseCfg)
                  00015094    0000009c     libqspiflash_xwr68xx.aer4f : qspiflash_device_spansion.oer4f (.text:QSPIFlash_spansion_progQuadRead)
                  00015130    0000009c     libuart_xwr68xx.aer4f : uartsci.oer4f (.text:UartSci_write)
                  000151cc    0000009c     rtsv7R4_T_le_v3D16_eabi.lib : memcpy_t2.obj (.text)
                  00015268    00000006     libedma_xwr68xx.aer4f : edma_low_level.oer4f (.text:EDMA3ClrCCErr)
                  0001526e    00000002     --HOLE-- [fill = 0]
                  00015270    0000009c     sysbios.aer4ft : BIOS.obj (.text:ti_sysbios_family_arm_v7r_vim_Hwi_initIntController__I)
                  0001530c    00000004     libmmwave_xwr68xx.aer4f : mmwave_link.oer4f (.text:MMWave_unmaskHostIRQ)
                  00015310    0000009c     sysbios.aer4ft : BIOS.obj (.text:ti_sysbios_family_arm_v7r_vim_Hwi_mapChannel__I)
                  000153ac    00000004     libmmwave_xwr68xx.aer4f : mmwave_link.oer4f (.text:MMWave_waitIRQStatus)
                  000153b0    0000009c     sysbios.aer4ft : BIOS.obj (.text:ti_sysbios_knl_Semaphore_Instance_init__E)
                  0001544c    0000009a     libdpm_xwr68xx.aer4f : dpm_msg.oer4f (.text:DPM_msgResponseHandler)
                  000154e6    00000002     --HOLE-- [fill = 0]
                  000154e8    00000098     libedma_xwr68xx.aer4f : edma.oer4f (.text:EDMA_configParamSet)
                  00015580    00000098     libmmwave_xwr68xx.aer4f : mmwave_fullcfg.oer4f (.text:MMWave_getChirpCfg)
                  00015618    00000098     rtsv7R4_T_le_v3D16_eabi.lib : fclose.obj (.text)
                  000156b0    00000098                                 : fputc.obj (.text)
                  00015748    00000098     sysbios.aer4ft : vim_Hwi_asm_switch.obj (.text)
                  000157e0    00000098                    : BIOS.obj (.text:ti_sysbios_utils_Load_taskDeleteHook__E)
                  00015878    00000096     libedma_xwr68xx.aer4f : edma.oer4f (.text:EDMA_getErrorStatusInfo)
                  0001590e    00000096     libhwa_xwr68xx.aer4f : hwa.oer4f (.text:HWA_configRam)
                  000159a4    00000096     libuart_xwr68xx.aer4f : uartsci.oer4f (.text:UartSci_readChar)
                  00015a3a    00000094     libcbuff_xwr68xx.aer4f : cbuff_transfer.oer4f (.text:CBUFF_setupNonInterleaved_ADC)
                  00015ace    00000002     --HOLE-- [fill = 0]
                  00015ad0    00000094     mmw_lvds_stream.oer4f (.text:MmwDemo_LVDSStream_EDMAAllocateCBUFFHwChannel)
                  00015b64    00000094     mmwdemo_rfparser.oer4f (.text:MmwDemo_RFParser_parseConfig)
                  00015bf8    00000094     main.oer4f (.text:MmwDemo_isAllCfgInNonPendingState)
                  00015c8c    00000094     libsoc_xwr68xx.aer4f : soc_xwr68xx.oer4f (.text:SOC_gateClock)
                  00015d20    00000094     rangeprochwa.oer4f (.text:rangeProcHWA_ConfigEDMATranspose)
                  00015db4    00000094     libmmwavelink_xwr68xx.aer4f : rl_driver.oer4f (.text:rlDriverDeInit)
                  00015e48    00000094                                 : rl_driver.oer4f (.text:rlDriverMsgReadCmdCtx)
                  00015edc    00000094                                 : rl_driver.oer4f (.text:rlDriverProcRdMsg)
                  00015f70    00000094     sysbios.aer4ft : vim_Hwi_asm.obj (.text:ti_sysbios_family_arm_v7r_vim_Hwi_dispatchIRQ__I)
                  00016004    00000090     libgpio_xwr68xx.aer4f : gpio.oer4f (.text:GPIO_init)
                  00016094    00000090     libmailbox_xwr68xx.aer4f : mailbox.oer4f (.text:Mailbox_close)
                  00016124    00000090     main.oer4f (.text:MmwDemo_isAllCfgInPendingState)
                  000161b4    00000090     libuart_xwr68xx.aer4f : uartsci_dma.oer4f (.text:UartSci_initiateTxDMA)
                  00016244    00000090                           : uartsci.oer4f (.text:UartSci_read)
                  000162d4    0000000c     sysbios.aer4ft : BIOS.obj (.text:ti_sysbios_family_arm_v7a_Pmu_configureCounterI__I)
                  000162e0    00000090                    : BIOS.obj (.text:ti_sysbios_family_arm_v7a_Pmu_startCounter__E)
                  00016370    00000090                    : BIOS.obj (.text:ti_sysbios_knl_Task_unblockI__E)
                  00016400    00000090                    : BIOS.obj (.text:xdc_runtime_LoggerBuf_getFilterLevel__E)
                  00016490    0000008c     libcli_xwr68xx.aer4f : cli_mmwave.oer4f (.text:CLI_MMWaveDataOutputMode)
                  0001651c    0000008c     libsoc_xwr68xx.aer4f : soc.oer4f (.text:SOC_init)
                  000165a8    0000008c                          : soc_xwr68xx.oer4f (.text:SOC_translateAddress)
                  00016634    0000008c     libuart_xwr68xx.aer4f : uartsci_dma.oer4f (.text:UartSci_initiateRxDMA)
                  000166c0    0000008c     libmmwavelink_xwr68xx.aer4f : rl_device.oer4f (.text:rlDevicePowerOn)
                  0001674c    0000008c                                 : rl_driver.oer4f (.text:rlDriverMsgReadSpawnCtx)
                  000167d8    00000006     libedma_xwr68xx.aer4f : edma_low_level.oer4f (.text:EDMA3ErrIntrHighStatusGet)
                  000167de    00000002     --HOLE-- [fill = 0]
                  000167e0    0000008c     sysbios.aer4ft : BIOS.obj (.text:ti_sysbios_family_arm_v7a_Pmu_getCount__E)
                  0001686c    00000004     data_path.oer4f (.text:MmwDemo_hwaInit)
                  00016870    0000008c     sysbios.aer4ft : BIOS.obj (.text:ti_sysbios_family_arm_v7r_vim_Hwi_Instance_finalize__E)
                  000168fc    00000004     main.oer4f (.text:MmwDemo_sleep)
                  00016900    0000008c     sysbios.aer4ft : BIOS.obj (.text:xdc_runtime_Memory_alloc__E)
                  0001698c    00000088     libhwa_xwr68xx.aer4f : hwa.oer4f (.text:HWA_disableParamSetInterrupt)
                  00016a14    00000088     libmmwave_xwr68xx.aer4f : mmwave_fullcfg.oer4f (.text:MMWave_getProfileCfg)
                  00016a9c    00000088     rtsv7R4_T_le_v3D16_eabi.lib : vsnprintf.obj (.text)
                  00016b24    00000086     libcbuff_xwr68xx.aer4f : cbuff_edma.oer4f (.text:CBUFF_closeEDMA)
                  00016baa    00000002     --HOLE-- [fill = 0]
                  00016bac    00000084     libmmwave_xwr68xx.aer4f : mmwave_dualcore.oer4f (.text:MMWave_deviceCfgAsyncEvent)
                  00016c30    00000084                             : mmwave_dualcore.oer4f (.text:MMWave_deviceEventFxn)
                  00016cb4    00000084                             : mmwave_fullcfg.oer4f (.text:MMWave_getNumBpmChirp)
                  00016d38    00000084                             : mmwave.oer4f (.text:MMWave_open)
                  00016dbc    00000084     main.oer4f (.text:MmwDemo_configSensor)
                  00016e40    00000082     libhwa_xwr68xx.aer4f : hwa.oer4f (.text:HWA_paramDoneISR)
                  00016ec2    00000002     --HOLE-- [fill = 0]
                  00016ec4    00000081     libcbuff_xwr68xx.aer4f : cbuff_edma.oer4f (.text:CBUFF_setupEDMAShadowLink)
                  00016f45    00000003     --HOLE-- [fill = 0]
                  00016f48    00000080     libcli_xwr68xx.aer4f : cli_mmwave.oer4f (.text:CLI_MMWaveChannelCfg)
                  00016fc8    00000080     libdpm_xwr68xx.aer4f : dpm_mailbox.oer4f (.text:DPM_mboxRemoteMailboxCallbackFxn)
                  00017048    00000080     libmmwave_xwr68xx.aer4f : mmwave_fullcfg.oer4f (.text:MMWave_getBpmChirpCfg)
                  000170c8    00000080     libsoc_xwr68xx.aer4f : soc.oer4f (.text:SOC_getDeviceRFFreqScaleFactor)
                  00017148    00000080     libuart_xwr68xx.aer4f : uartsci.oer4f (.text:UartSci_writePolling)
                  000171c8    00000080     rangeprochwa.oer4f (.text:rangeProcHWA_ConfigHWACommon)
                  00017248    00000080     libmmwavelink_xwr68xx.aer4f : rl_driver.oer4f (.text:rlDriverExecuteGetApi)
                  000172c8    00000006     libedma_xwr68xx.aer4f : edma_low_level.oer4f (.text:EDMA3GetCCErrStatus)
                  000172ce    00000002     --HOLE-- [fill = 0]
                  000172d0    00000080     sysbios.aer4ft : BIOS.obj (.text:ti_sysbios_timers_rti_Timer_initDevice__I)
                  00017350    0000007e     libosal_xwr68xx.aer4f : HwiP_tirtos.oer4f (.text:HwiP_create)
                  000173ce    00000002     --HOLE-- [fill = 0]
                  000173d0    0000007d     libcbuff_xwr68xx.aer4f : cbuff_lvds.oer4f (.text:CBUFF_initLVDSLinkListParams)
                  0001744d    00000003     --HOLE-- [fill = 0]
                  00017450    0000007c     libdpm_xwr68xx.aer4f : dpm_pipe.oer4f (.text:DPM_pipeSend)
                  000174cc    0000007c     libedma_xwr68xx.aer4f : edma.oer4f (.text:EDMA_clearErrors)
                  00017548    0000007c     libmmwave_xwr68xx.aer4f : mmwave_dualcore.oer4f (.text:MMWave_deviceOpenFxn)
                  000175c4    0000007c     libmailbox_xwr68xx.aer4f : mailbox.oer4f (.text:Mailbox_init)
                  00017640    0000007c     libuart_xwr68xx.aer4f : uartsci.oer4f (.text:UartSci_readPolling)
                  000176bc    0000007c     sysbios.aer4ft : arm_TaskSupport_asm.obj (.text:_ti_sysbios_family_arm_TaskSupport_buildTaskStack)
                  00017738    00000006     libedma_xwr68xx.aer4f : edma_low_level.oer4f (.text:EDMA3GetErrIntrStatus)
                  0001773e    00000002     --HOLE-- [fill = 0]
                  00017740    0000007c     sysbios.aer4ft : BIOS.obj (.text:xdc_runtime_Core_deleteObject__I)
                  000177bc    0000007b     mmw_cli.oer4f (.text:MmwDemo_CLIGetSubframe)
                  00017837    00000001     --HOLE-- [fill = 0]
                  00017838    0000007a     rtsv7R4_T_le_v3D16_eabi.lib : memset_t2.obj (.text)
                  000178b2    00000002     --HOLE-- [fill = 0]
                  000178b4    00000078     libadcbuf_xwr68xx.aer4f : adcbuf_mmwave.oer4f (.text:ADCBUF_MMWave_getCQBufAddr)
                  0001792c    00000078     libcbuff_xwr68xx.aer4f : cbuff_transfer.oer4f (.text:CBUFF_configUserBufferEDMA)
                  000179a4    00000078                            : cbuff.oer4f (.text:CBUFF_setVC)
                  00017a1c    00000078     libcli_xwr68xx.aer4f : cli_mmwave.oer4f (.text:CLI_MMWaveADCCfg)
                  00017a94    00000078     libmmwave_xwr68xx.aer4f : mmwave_fullcfg.oer4f (.text:MMWave_getNumChirps)
                  00017b0c    00000078     libqspiflash_xwr68xx.aer4f : qspiflash.oer4f (.text:QSPIFlash_mmapRead)
                  00017b84    00000078                                : qspiflash.oer4f (.text:QSPIFlash_sectorErase)
                  00017bfc    00000078     libqspi_xwr68xx.aer4f : qspi.oer4f (.text:QSPI_cfgRead)
                  00017c74    00000077                           : qspi.oer4f (.text:QSPI_memAccessCfg)
                  00017ceb    00000001     --HOLE-- [fill = 0]
                  00017cec    00000074     libmmwave_xwr68xx.aer4f : mmwave.oer4f (.text:MMWave_config)
                  00017d60    00000074                             : mmwave_dualcore.oer4f (.text:MMWave_deviceStartFxn)
                  00017dd4    00000074     boot.aer4ft : boot.oer4ft (.text)
                  00017e48    00000074     libmmwavelink_xwr68xx.aer4f : rl_driver.oer4f (.text:rlDriverAsyncEventHandler)
                  00017ebc    00000074     rtsv7R4_T_le_v3D16_eabi.lib : getdevice.obj (.text)
                  00017f30    00000074                                 : s_frexp.obj (.text)
                  00017fa4    00000073     data_path.oer4f (.text:MmwDemo_hwaOpen)
                  00018017    00000001     --HOLE-- [fill = 0]
                  00018018    00000072     libmmwavelink_xwr68xx.aer4f : rl_driver.oer4f (.text:rlDriverClientCbCheck)
                  0001808a    00000002     --HOLE-- [fill = 0]
                  0001808c    00000070     libhsiheader_xwr68xx.aer4f : hsiheader.oer4f (.text:HSIHeader_deleteHeader)
                  000180fc    00000070     libhwa_xwr68xx.aer4f : hwa.oer4f (.text:HWA_getDriverAccess)
                  0001816c    00000070     libmmwave_xwr68xx.aer4f : mmwave_dualcore.oer4f (.text:MMWave_deviceCfgFxn)
                  000181dc    00000070     mmwdemo_flash.oer4f (.text:mmwDemo_flashInit)
                  0001824c    00000004     mmw_per4ft.oer4ft (.text:ti_sysbios_BIOS_RtsGateProxy_enter__E)
                  00018250    00000070     sysbios.aer4ft : BIOS.obj (.text:xdc_runtime_Error_print__E)
                  000182c0    0000006c     libdma_xwr68xx.aer4f : dma.oer4f (.text:DMA_disableChannel)
                  0001832c    0000006c                          : dma.oer4f (.text:DMA_enableChannel)
                  00018398    0000006c     libmmwave_xwr68xx.aer4f : mmwave_link.oer4f (.text:MMWave_spawn)
                  00018404    0000006c                             : mmwave_link.oer4f (.text:MMWave_stopLink)
                  00018470    0000006c     mmw_cli.oer4f (.text:MmwDemo_CLIGuiMonSel)
                  000184dc    0000006c     mmw_lvds_stream.oer4f (.text:MmwDemo_LVDSStream_EDMAFreeCBUFFHwChannel)
                  00018548    0000006c     mmw_lvds_stream.oer4f (.text:MmwDemo_LVDSStream_HwTriggerFrameDone)
                  000185b4    0000006c     libpinmux_xwr68xx.aer4f : pinmux.oer4f (.text:Pinmux_Set_FuncSel)
                  00018620    0000006c     libqspiflash_xwr68xx.aer4f : qspiflash.oer4f (.text:QSPIFlashReadSFDP)
                  0001868c    0000006c     libqspi_xwr68xx.aer4f : qspi.oer4f (.text:QSPI_cfgWrite)
                  000186f8    0000006c     rtsv7R4_T_le_v3D16_eabi.lib : copy_decompress_lzss.obj (.text:decompress:lzss)
                  00018764    0000006c                                 : trgmsg.obj (.text)
                  000187d0    0000006a     libuart_xwr68xx.aer4f : uartsci.oer4f (.text:UartSci_control)
                  0001883a    00000002     --HOLE-- [fill = 0]
                  0001883c    00000068     objectdetection.oer4f (.text:DPC_ObjDet_reconfigSubFrame)
                  000188a4    00000068     libdpm_xwr68xx.aer4f : dpm_msg.oer4f (.text:DPM_msgDPCCfgHandler)
                  0001890c    00000068     libmmwave_xwr68xx.aer4f : mmwave_dualcore.oer4f (.text:MMWave_deviceStopFxn)
                  00018974    00000068     libmailbox_xwr68xx.aer4f : mailbox.oer4f (.text:Mailbox_readFlush)
                  000189dc    00000068     libmmwavelink_xwr68xx.aer4f : rl_driver.oer4f (.text:rlDriverExecuteSetApi)
                  00018a44    00000068                                 : rl_driver.oer4f (.text:rlDriverHostIrqHandler)
                  00018aac    00000068     rtsv7R4_T_le_v3D16_eabi.lib : hostlseek.obj (.text)
                  00018b14    00000068                                 : hostrename.obj (.text)
                  00018b7c    00000067     main.oer4f (.text:MmwDemo_mssSetHsiClk)
                  00018be3    00000001     --HOLE-- [fill = 0]
                  00018be4    00000066     libmmwavelink_xwr68xx.aer4f : rl_device.oer4f (.text:rlDevicePowerOff)
                  00018c4a    00000002     --HOLE-- [fill = 0]
                  00018c4c    00000064     libcli_xwr68xx.aer4f : cli_mmwave.oer4f (.text:CLI_MMWaveLowPowerCfg)
                  00018cb0    00000064     libedma_xwr68xx.aer4f : edma.oer4f (.text:EDMA_getTransferControllerErrorStatusInfo)
                  00018d14    00000064     libhwa_xwr68xx.aer4f : hwa.oer4f (.text:HWA_getDMAChanIndex)
                  00018d78    00000064     main.oer4f (.text:MmwDemo_mmWaveCtrlTask)
                  00018ddc    00000064     libosal_xwr68xx.aer4f : SemaphoreP_tirtos.oer4f (.text:SemaphoreP_create)
                  00018e40    00000064     rtsv7R4_T_le_v3D16_eabi.lib : fseek.obj (.text)
                  00018ea4    00000064                                 : sprintf.obj (.text)
                  00018f08    00000064     sysbios.aer4ft : exc_Exception_asm.obj (.text:ti_sysbios_family_arm_exc_Exception_initCore0__I)
                  00018f6c    00000004     mmw_per4ft.oer4ft (.text:ti_sysbios_BIOS_RtsGateProxy_leave__E)
                  00018f70    00000064     sysbios.aer4ft : BIOS.obj (.text:ti_sysbios_family_arm_v7r_vim_Hwi_phantomIntHandler__I)
                  00018fd4    0000000c                    : BIOS.obj (.text:ti_sysbios_family_arm_v7a_Pmu_getCountI__E)
                  00018fe0    00000064                    : BIOS.obj (.text:ti_sysbios_knl_Clock_logTick__E)
                  00019044    0000000c     mmw_per4ft.oer4ft (.text:ti_sysbios_knl_Queue_Object__get__S)
                  00019050    00000064     sysbios.aer4ft : BIOS.obj (.text:ti_sysbios_utils_Load_logCPULoad__I)
                  000190b4    0000000a     libadcbuf_xwr68xx.aer4f : ADCBuf.oer4f (.text:ADCBuf_control)
                  000190be    00000002     --HOLE-- [fill = 0]
                  000190c0    00000064     sysbios.aer4ft : BIOS.obj (.text:xdc_runtime_Startup_exec__E)
                  00019124    00000062     mmw_cli.oer4f (.text:MmwDemo_CLICfarFovCfg)
                  00019186    00000002     --HOLE-- [fill = 0]
                  00019188    00000060     libcli_xwr68xx.aer4f : cli_mmwave.oer4f (.text:CLI_MMWaveExtensionHandler)
                  000191e8    00000060     libosal_xwr68xx.aer4f : DebugP_tirtos.oer4f (.text:DebugP_log2)
                  00019248    00000060                           : DebugP_tirtos.oer4f (.text:DebugP_log3)
                  000192a8    00000006     libedma_xwr68xx.aer4f : edma_low_level.oer4f (.text:EDMA3QdmaGetErrIntrStatus)
                  000192ae    00000002     --HOLE-- [fill = 0]
                  000192b0    00000060     sysbios.aer4ft : BIOS.obj (.text:ti_sysbios_heaps_HeapMem_alloc__E)
                  00019310    00000060                    : BIOS.obj (.text:xdc_runtime_Assert_raise__I)
                  00019370    0000005f                    : BIOS.obj (.text:xdc_runtime_Text_putLab__E)
                  000193cf    00000001     --HOLE-- [fill = 0]
                  000193d0    0000005e     libuart_xwr68xx.aer4f : uartsci.oer4f (.text:UartSci_writeChar)
                  0001942e    00000002     --HOLE-- [fill = 0]
                  00019430    0000005c     libmmwave_xwr68xx.aer4f : mmwave_link.oer4f (.text:MMWave_mboxOpen)
                  0001948c    0000005c                             : mmwave.oer4f (.text:MMWave_stop)
                  000194e8    0000005c     libqspiflash_xwr68xx.aer4f : qspiflash.oer4f (.text:QSPIFlashGetDeviceID)
                  00019544    0000005c     libsoc_xwr68xx.aer4f : soc.oer4f (.text:SOC_enableLVDS)
                  000195a0    0000005c     rtsv7R4_T_le_v3D16_eabi.lib : hostopen.obj (.text)
                  000195fc    0000005c                                 : hostread.obj (.text)
                  00019658    00000006     libosal_xwr68xx.aer4f : HwiP_tirtos.oer4f (.text:HwiP_restore)
                  0001965e    00000002     --HOLE-- [fill = 0]
                  00019660    0000005c     sysbios.aer4ft : BIOS.obj (.text:ti_sysbios_utils_Load_updateCurrentThreadTime__E)
                  000196bc    0000005a     libuart_xwr68xx.aer4f : uartsci.oer4f (.text:UartSci_readCancel)
                  00019716    0000005a     libmmwavelink_xwr68xx.aer4f : rl_driver.oer4f (.text:rlDriverCalChkSum)
                  00019770    00000058     libdpm_xwr68xx.aer4f : dpm_core.oer4f (.text:DPM_execute)
                  000197c8    00000058                          : dpm_mailbox.oer4f (.text:DPM_mboxInit)
                  00019820    00000058     libosal_xwr68xx.aer4f : DebugP_tirtos.oer4f (.text:DebugP_log0)
                  00019878    00000058                           : DebugP_tirtos.oer4f (.text:DebugP_log1)
                  000198d0    00000058     libedma_xwr68xx.aer4f : edma_low_level.oer4f (.text:EDMA3EnableChInShadowReg)
                  00019928    00000058     libesm_xwr68xx.aer4f : esm.oer4f (.text:ESM_highpriority_FIQ)
                  00019980    00000058     libhwa_xwr68xx.aer4f : hwa.oer4f (.text:HWA_getDMAconfig)
                  000199d8    00000058     libmmwave_xwr68xx.aer4f : mmwave.oer4f (.text:MMWave_execute)
                  00019a30    00000058                             : mmwave_link.oer4f (.text:MMWave_initCRC)
                  00019a88    00000058     mmw_cli.oer4f (.text:MmwDemo_CLISensorStop)
                  00019ae0    00000058     libqspiflash_xwr68xx.aer4f : qspiflash.oer4f (.text:QSPIFlash_configMmapWrite)
                  00019b38    00000058     libuart_xwr68xx.aer4f : uartsci_dma.oer4f (.text:UartSci_closeDMA)
                  00019b90    00000058     mmwdemo_flash.oer4f (.text:mmwDemo_flashRead)
                  00019be8    00000058     rtsv7R4_T_le_v3D16_eabi.lib : close.obj (.text)
                  00019c40    00000058                                 : hostwrite.obj (.text)
                  00019c98    00000056     libmmwavelink_xwr68xx.aer4f : rl_driver.oer4f (.text:rlDriverOsiCbCheck)
                  00019cee    00000002     --HOLE-- [fill = 0]
                  00019cf0    00000054     libcrc_xwr68xx.aer4f : crc.oer4f (.text:CRC_getTransactionId)
                  00019d44    00000054     libdma_xwr68xx.aer4f : dma.oer4f (.text:DMA_freeChannel)
                  00019d98    00000054     libedma_xwr68xx.aer4f : edma.oer4f (.text:EDMA_error_isr)
                  00019dec    00000054     libmmwave_xwr68xx.aer4f : mmwave_link.oer4f (.text:MMWave_initLink)
                  00019e40    00000054     main.oer4f (.text:MmwDemo_setSubFramePendingState)
                  00019e94    00000054     libqspiflash_xwr68xx.aer4f : qspiflash.oer4f (.text:QSPIFlash_writeEnable)
                  00019ee8    00000054     rtsv7R4_T_le_v3D16_eabi.lib : ltoa.obj (.text)
                  00019f3c    00000054     mmw_per4ft.oer4ft (.text:ti_sysbios_family_arm_v7r_vim_Hwi_create)
                  00019f90    00000054     sysbios.aer4ft : BIOS.obj (.text:ti_sysbios_heaps_HeapMem_getStats__E)
                  00019fe4    0000000a     libadcbuf_xwr68xx.aer4f : ADCBuf.oer4f (.text:ADCBuf_getChanBufAddr)
                  00019fee    00000002     --HOLE-- [fill = 0]
                  00019ff0    00000054     sysbios.aer4ft : BIOS.obj (.text:xdc_runtime_Core_assignLabel__I)
                  0001a044    00000052     libdpedma_hwa_xwr68xx.aer4f : dpedma.oer4f (.text:DPEDMA_setup_shadow_link)
                  0001a096    00000002     --HOLE-- [fill = 0]
                  0001a098    00000050     libcrc_xwr68xx.aer4f : crc.oer4f (.text:CRC_getSignature)
                  0001a0e8    00000050     libedma_xwr68xx.aer4f : edma_low_level.oer4f (.text:EDMA3MapChToEvtQ)
                  0001a138    00000050     libmmwave_xwr68xx.aer4f : mmwave.oer4f (.text:MMWave_sync)
                  0001a188    00000050     mmw_cli.oer4f (.text:MmwDemo_CLIMultiObjBeamForming)
                  0001a1d8    00000050     libmmwavelink_xwr68xx.aer4f : rl_driver.oer4f (.text:rlDeviceIdentifyCmdDir)
                  0001a228    00000050                                 : rl_driver.oer4f (.text:rlDriverVerifyCRC)
                  0001a278    00000050     rtsv7R4_T_le_v3D16_eabi.lib : atoi.obj (.text)
                  0001a2c8    00000050                                 : exit.obj (.text)
                  0001a318    00000050                                 : u_div32.obj (.text)
                  0001a368    00000006     libmmwavelink_xwr68xx.aer4f : rl_controller.oer4f (.text:rlGetSubBlockId)
                  0001a36e    00000002     --HOLE-- [fill = 0]
                  0001a370    00000050     sysbios.aer4ft : BIOS.obj (.text:xdc_runtime_System_exit__E)
                  0001a3c0    0000004f     objectdetection.oer4f (.text:DPC_ObjectDetection_stop)
                  0001a40f    00000001     --HOLE-- [fill = 0]
                  0001a410    0000004c     libcli_xwr68xx.aer4f : cli.oer4f (.text:CLI_write)
                  0001a45c    0000004c     libedma_xwr68xx.aer4f : edma.oer4f (.text:EDMA_disableChannel)
                  0001a4a8    0000004c                           : edma.oer4f (.text:EDMA_enableChannel)
                  0001a4f4    0000004c     libhwa_xwr68xx.aer4f : hwa.oer4f (.text:HWA_enableDoneInterrupt)
                  0001a540    0000004c     libmailbox_xwr68xx.aer4f : mailbox.oer4f (.text:Mailbox_boxEmptyISRProcessing)
                  0001a58c    0000004c     libqspiflash_xwr68xx.aer4f : qspiflash_device_macronix.oer4f (.text:QSPIFlash_macronix_init)
                  0001a5d8    0000004c     libuart_xwr68xx.aer4f : uartsci.oer4f (.text:UartSci_writeCancel)
                  0001a624    0000004c     rtsv7R4_T_le_v3D16_eabi.lib : cpy_tbl.obj (.text)
                  0001a670    0000004c     sysbios.aer4ft : BIOS.obj (.text:ti_sysbios_family_arm_v7r_vim_Hwi_getStackInfo__E)
                  0001a6bc    0000004c     mmw_per4ft.oer4ft (.text:ti_sysbios_knl_Task_create)
                  0001a708    00000006     libmmwavelink_xwr68xx.aer4f : rl_controller.oer4f (.text:rlGetSubBlockLen)
                  0001a70e    00000002     --HOLE-- [fill = 0]
                  0001a710    0000004c     sysbios.aer4ft : BIOS.obj (.text:ti_sysbios_knl_Task_stat__E)
                  0001a75c    00000004     mmw_per4ft.oer4ft (.text:ti_sysbios_family_arm_TaskSupport_Module__startupDone__S)
                  0001a760    0000004c     sysbios.aer4ft : BIOS.obj (.text:ti_sysbios_utils_Load_taskSwitchHook__E)
                  0001a7ac    0000004a     libdpm_xwr68xx.aer4f : dpm_mailbox.oer4f (.text:DPM_mboxSendResult)
                  0001a7f6    0000004a     libmailbox_xwr68xx.aer4f : mailbox.oer4f (.text:Mailbox_boxFullISRProcessing)
                  0001a840    0000004a     sysbios.aer4ft : BIOS.obj (.text:xdc_runtime_Core_assignParams__I)
                  0001a88a    00000006                    : a15_TimestampProvider_asm.obj (.text:ti_sysbios_family_arm_a15_TimestampProvider_get32__E)
                  0001a890    0000004a                    : BIOS.obj (.text:xdc_runtime_Text_xprintf__I)
                  0001a8da    00000002     --HOLE-- [fill = 0]
                  0001a8dc    00000049     mmw_lvds_stream.oer4f (.text:MmwDemo_LVDSStream_EDMAAllocateCBUFFChannel)
                  0001a925    00000001     --HOLE-- [fill = 0]
                  0001a926    00000048     libcbuff_xwr68xx.aer4f : cbuff_transfer.oer4f (.text:CBUFF_setup_USER)
                  0001a96e    00000048     libdpm_xwr68xx.aer4f : dpm_pipe.oer4f (.text:DPM_pipeRecv)
                  0001a9b6    00000002     --HOLE-- [fill = 0]
                  0001a9b8    00000048     libhwa_xwr68xx.aer4f : hwa.oer4f (.text:HWA_deleteInstance)
                  0001aa00    00000048     main.oer4f (.text:MmwDemo_resetStaticCfgPendingState)
                  0001aa48    00000048     mmwdemo_flash.oer4f (.text:mmwDemo_flashWrite)
                  0001aa90    00000048     libmmwavelink_xwr68xx.aer4f : rl_device.oer4f (.text:rlDeviceGetVersion)
                  0001aad8    00000048                                 : rl_driver.oer4f (.text:rlDriverOsiInit)
                  0001ab20    00000048     mmw_per4ft.oer4ft (.text:xdc_runtime_LoggerBuf_Object__create__S)
                  0001ab68    00000046     libmailbox_xwr68xx.aer4f : mailbox.oer4f (.text:CSL_FINSR)
                  0001abae    00000002     --HOLE-- [fill = 0]
                  0001abb0    00000044     libadcbuf_xwr68xx.aer4f : adcbuf_mmwave.oer4f (.text:ADCBUF_MMWave_close)
                  0001abf4    00000044     libcrc_xwr68xx.aer4f : crc.oer4f (.text:CRC_resetSignature)
                  0001ac38    00000044     libdpm_xwr68xx.aer4f : dpm_core.oer4f (.text:DPM_start)
                  0001ac7c    00000044                          : dpm_core.oer4f (.text:DPM_stop)
                  0001acc0    00000044     libmailbox_xwr68xx.aer4f : mailbox.oer4f (.text:Mailbox_boxFullISRMssDss)
                  0001ad04    00000044     libsoc_xwr68xx.aer4f : soc_xwr68xx_mss.oer4f (.text:SOC_resetDMA)
                  0001ad48    00000044     rtsv7R4_T_le_v3D16_eabi.lib : hostclose.obj (.text)
                  0001ad8c    00000044                                 : hostunlink.obj (.text)
                  0001add0    00000044     sysbios.aer4ft : BIOS.obj (.text:ti_sysbios_family_arm_v7r_tms570_Core_Module_startup__E)
                  0001ae14    0000000a     libcbuff_xwr68xx.aer4f : cbuff_lvds.oer4f (.text:CBUFF_deinitLVDS)
                  0001ae1e    00000002     --HOLE-- [fill = 0]
                  0001ae20    00000044     sysbios.aer4ft : BIOS.obj (.text:ti_sysbios_knl_Task_allBlockedFunction__I)
                  0001ae64    0000000a     libdpm_xwr68xx.aer4f : dpm_core.oer4f (.text:DPM_chirpISR)
                  0001ae6e    00000002     --HOLE-- [fill = 0]
                  0001ae70    00000044     sysbios.aer4ft : BIOS.obj (.text:xdc_runtime_LoggerBuf_Module_startup__E)
                  0001aeb4    0000000a     libdpm_xwr68xx.aer4f : dpm_core.oer4f (.text:DPM_frameStartISR)
                  0001aebe    00000002     --HOLE-- [fill = 0]
                  0001aec0    00000044     sysbios.aer4ft : BIOS.obj (.text:xdc_runtime_System_atexit__E)
                  0001af04    00000042     libcbuff_xwr68xx.aer4f : cbuff_lvds.oer4f (.text:CBUFF_closeLVDS)
                  0001af46    00000042     libedma_xwr68xx.aer4f : edma.oer4f (.text:EDMA_transferController_error_isr)
                  0001af88    00000042     libhwa_xwr68xx.aer4f : hwa.oer4f (.text:HWA_reset)
                  0001afca    00000042     libmmwave_xwr68xx.aer4f : mmwave_link.oer4f (.text:MMWave_executeLink)
                  0001b00c    00000042     libmmwavelink_xwr68xx.aer4f : rl_controller.oer4f (.text:rlGetSubBlock)
                  0001b04e    00000002     --HOLE-- [fill = 0]
                  0001b050    00000040     objectdetection.oer4f (.text:DPC_ObjectDetection_deinit)
                  0001b090    00000040     libedma_xwr68xx.aer4f : edma.oer4f (.text:EDMA_linkParamSets)
                  0001b0d0    00000040     libhwa_xwr68xx.aer4f : hwa.oer4f (.text:HWA_getHWAMemInfo)
                  0001b110    00000040     libqspiflash_xwr68xx.aer4f : qspiflash.oer4f (.text:QSPIFlash_progQuadRead)
                  0001b150    00000040                                : qspiflash_device_spansion.oer4f (.text:QSPIFlash_spansion_init)
                  0001b190    00000040     rangeprochwa.oer4f (.text:rangeProcHWA_dcRangeSignatureCompensation_init)
                  0001b1d0    00000040     libmmwavelink_xwr68xx.aer4f : rl_driver.oer4f (.text:rlDriverValidateHdr)
                  0001b210    00000040     rtsv7R4_T_le_v3D16_eabi.lib : strtok.obj (.text)
                  0001b250    00000040     sysbios.aer4ft : BIOS.obj (.text:ti_sysbios_timers_rti_Timer_stop__E)
                  0001b290    0000003e     libadcbuf_xwr68xx.aer4f : adcbuf_mmwave.oer4f (.text:CSL_FINSR)
                  0001b2ce    0000003e     libcbuff_xwr68xx.aer4f : cbuff.oer4f (.text:CSL_FINSR)
                  0001b30c    0000003e                            : cbuff_lvds.oer4f (.text:CSL_FINSR)
                  0001b34a    0000003e     libcrc_xwr68xx.aer4f : crc.oer4f (.text:CSL_FINSR)
                  0001b388    0000003e     libdma_xwr68xx.aer4f : dma.oer4f (.text:CSL_FINSR)
                  0001b3c6    0000003e     libgpio_xwr68xx.aer4f : gpio.oer4f (.text:CSL_FINSR)
                  0001b404    0000003e     libhwa_xwr68xx.aer4f : hwa.oer4f (.text:CSL_FINSR)
                  0001b442    0000003e     libpinmux_xwr68xx.aer4f : pinmux.oer4f (.text:CSL_FINSR)
                  0001b480    0000003e     libqspi_xwr68xx.aer4f : qspi.oer4f (.text:CSL_FINSR)
                  0001b4be    0000003e     libsoc_xwr68xx.aer4f : soc.oer4f (.text:CSL_FINSR)
                  0001b4fc    0000003e                          : soc_xwr68xx.oer4f (.text:CSL_FINSR)
                  0001b53a    0000003e                          : soc_xwr68xx_mss.oer4f (.text:CSL_FINSR)
                  0001b578    0000003e     libuart_xwr68xx.aer4f : uartsci.oer4f (.text:CSL_FINSR)
                  0001b5b6    0000003e     libdpm_xwr68xx.aer4f : dpm_msg.oer4f (.text:DPM_msgStopHandler)
                  0001b5f4    0000003e     libhwa_xwr68xx.aer4f : hwa.oer4f (.text:HWA_enable)
                  0001b632    0000003e     libmmwave_xwr68xx.aer4f : mmwave.oer4f (.text:MMWave_decodeError)
                  0001b670    0000003e     libuart_xwr68xx.aer4f : uartsci.oer4f (.text:UartSci_close)
                  0001b6ae    0000003e     mmwdemo_monitor.oer4f (.text:mmwDemo_cfgAnalogMonitor)
                  0001b6ec    0000003c     libcbuff_xwr68xx.aer4f : cbuff_transfer.oer4f (.text:CBUFF_configCQEDMA)
                  0001b728    0000003c     libcli_xwr68xx.aer4f : cli_mmwave.oer4f (.text:CLI_MMWaveFlushCfg)
                  0001b764    0000003c     libedma_xwr68xx.aer4f : edma.oer4f (.text:EDMA_chainChannels)
                  0001b7a0    0000003c     libmailbox_xwr68xx.aer4f : mailbox.oer4f (.text:Mailbox_writeReset)
                  0001b7dc    0000003c     libsoc_xwr68xx.aer4f : soc_xwr68xx_mss.oer4f (.text:SOC_isSecureDevice)
                  0001b818    0000003c                          : soc.oer4f (.text:SOC_unhaltBSS)
                  0001b854    0000003c     sysbios.aer4ft : vim_Hwi_asm.obj (.text:ti_sysbios_family_arm_v7r_vim_Hwi_init__I)
                  0001b890    0000003c                    : BIOS.obj (.text:ti_sysbios_hal_Hwi_checkStack)
                  0001b8cc    00000004     mmw_per4ft.oer4ft (.text:ti_sysbios_family_arm_v7r_vim_Hwi_delete)
                  0001b8d0    0000003c     sysbios.aer4ft : BIOS.obj (.text:ti_sysbios_heaps_HeapMem_init__I)
                  0001b90c    0000003a     libhwa_xwr68xx.aer4f : hwa.oer4f (.text:HWA_setDMA2ACCManualTrig)
                  0001b946    00000002     --HOLE-- [fill = 0]
                  0001b948    0000003a     libosal_xwr68xx.aer4f : HwiP_tirtos.oer4f (.text:HwiP_delete)
                  0001b982    00000038     libcbuff_xwr68xx.aer4f : cbuff_transfer.oer4f (.text:CBUFF_addUserBufferLLEntry)
                  0001b9ba    00000038                            : cbuff_transfer.oer4f (.text:CBUFF_setupHeader)
                  0001b9f2    00000002     --HOLE-- [fill = 0]
                  0001b9f4    00000038     libcli_xwr68xx.aer4f : cli_mmwave.oer4f (.text:CLI_MMWaveExtensionInit)
                  0001ba2c    00000038     libdpm_xwr68xx.aer4f : dpm_core.oer4f (.text:DPM_notifyExecute)
                  0001ba64    00000038     libedma_xwr68xx.aer4f : edma_low_level.oer4f (.text:EDMA3ClrMissEvt)
                  0001ba9c    00000038     data_path.oer4f (.text:MmwDemo_EDMA_errorCallbackFxn)
                  0001bad4    00000038     data_path.oer4f (.text:MmwDemo_EDMA_transferControllerErrorCallbackFxn)
                  0001bb0c    00000038     libuart_xwr68xx.aer4f : UART.oer4f (.text:UART_init)
                  0001bb44    00000036     libmmwavelink_xwr68xx.aer4f : rl_controller.oer4f (.text:rlAppendSubBlock)
                  0001bb7a    00000036     rtsv7R4_T_le_v3D16_eabi.lib : strncpy.obj (.text)
                  0001bbb0    00000034     libadcbuf_xwr68xx.aer4f : ADCBuf.oer4f (.text:ADCBuf_open)
                  0001bbe4    00000034     libedma_xwr68xx.aer4f : edma.oer4f (.text:EDMA_configTransferControllerError)
                  0001bc18    00000034     libhwa_xwr68xx.aer4f : hwa.oer4f (.text:HWA_disableDoneInterrupt)
                  0001bc4c    00000034     libmmwave_xwr68xx.aer4f : mmwave_link.oer4f (.text:MMWave_mboxWrite)
                  0001bc80    00000034     libsoc_xwr68xx.aer4f : soc_xwr68xx.oer4f (.text:SOC_enableHWA)
                  0001bcb4    00000034                          : soc_xwr68xx_mss.oer4f (.text:SOC_hasDSPCore)
                  0001bce8    00000034                          : soc_xwr68xx.oer4f (.text:SOC_setMMWaveDSSLinkState)
                  0001bd1c    00000034                          : soc_xwr68xx.oer4f (.text:SOC_setMMWaveMSSLinkState)
                  0001bd50    00000034                          : soc_xwr68xx.oer4f (.text:SOC_setMSSLinkState)
                  0001bd84    00000034     libuart_xwr68xx.aer4f : UART.oer4f (.text:UART_open)
                  0001bdb8    00000004     mmw_per4ft.oer4ft (.text:ti_sysbios_heaps_HeapMem_Module_GateProxy_enter__E)
                  0001bdbc    00000004     mmw_per4ft.oer4ft (.text:ti_sysbios_heaps_HeapMem_Module_GateProxy_leave__E)
                  0001bdc0    00000034     sysbios.aer4ft : BIOS.obj (.text:ti_sysbios_family_arm_a15_TimestampProvider_get64__E)
                  0001bdf4    00000034     mmw_per4ft.oer4ft (.text:ti_sysbios_knl_Semaphore_create)
                  0001be28    00000032     libcrc_xwr68xx.aer4f : crc.oer4f (.text:CRC_getCRCDataSelectBitValue)
                  0001be5a    00000002     --HOLE-- [fill = 0]
                  0001be5c    00000032                          : crc.oer4f (.text:CRC_getCRCTypeBitValue)
                  0001be8e    00000032     libedma_xwr68xx.aer4f : edma.oer4f (.text:EDMA_configQueueThreshold)
                  0001bec0    00000032     libhwa_xwr68xx.aer4f : hwa.oer4f (.text:HWA_allParamDoneISR)
                  0001bef2    0000000e     libsoc_xwr68xx.aer4f : soc_xwr68xx_mss.oer4f (.text:SOC_microDelay)
                  0001bf00    00000032     sysbios.aer4ft : BIOS.obj (.text:ti_sysbios_hal_Hwi_initStack)
                  0001bf32    00000002     --HOLE-- [fill = 0]
                  0001bf34    00000030     libadcbuf_xwr68xx.aer4f : ADCBuf.oer4f (.text:ADCBuf_init)
                  0001bf64    00000030     libcbuff_xwr68xx.aer4f : cbuff_transfer.oer4f (.text:CBUFF_addCQLLEntry)
                  0001bf94    00000030     libmmwave_xwr68xx.aer4f : mmwave_listlib.oer4f (.text:MMWave_listRemoveNode)
                  0001bfc4    00000030     libsoc_xwr68xx.aer4f : soc.oer4f (.text:SOC_getDevicePartNumber)
                  0001bff4    00000030     libmmwavelink_xwr68xx.aer4f : rl_sensor.oer4f (.text:rlSensorStart)
                  0001c024    00000030     mmw_per4ft.oer4ft (.text:ti_sysbios_BIOS_startFunc__I)
                  0001c054    0000000a     libosal_xwr68xx.aer4f : MemoryP_tirtos.oer4f (.text:MemoryP_ctrlFree)
                  0001c05e    00000002     --HOLE-- [fill = 0]
                  0001c060    00000030     sysbios.aer4ft : BIOS.obj (.text:ti_sysbios_family_arm_TaskSupport_start__E)
                  0001c090    00000030     mmw_per4ft.oer4ft (.text:ti_sysbios_gates_GateHwi_Object__create__S)
                  0001c0c0    00000030     mmw_per4ft.oer4ft (.text:ti_sysbios_gates_GateMutex_Object__create__S)
                  0001c0f0    00000030     mmw_per4ft.oer4ft (.text:ti_sysbios_heaps_HeapMem_Object__create__S)
                  0001c120    00000030     sysbios.aer4ft : BIOS.obj (.text:ti_sysbios_heaps_HeapMem_free__E)
                  0001c150    00000030     mmw_per4ft.oer4ft (.text:ti_sysbios_knl_Semaphore_construct)
                  0001c180    0000002f     sysbios.aer4ft : BIOS.obj (.text:xdc_runtime_Text_printVisFxn__I)
                  0001c1af    00000001     --HOLE-- [fill = 0]
                  0001c1b0    0000002e     libdpm_xwr68xx.aer4f : dpm_msg.oer4f (.text:DPM_msgStartHandler)
                  0001c1de    00000002     --HOLE-- [fill = 0]
                  0001c1e0    0000002e     sysbios.aer4ft : BIOS.obj (.text:ti_sysbios_knl_Semaphore_pendTimeout__I)
                  0001c20e    0000002e     mmw_per4ft.oer4ft (.text:ti_sysbios_rts_MemAlloc_alloc)
                  0001c23c    0000002c     libdpm_xwr68xx.aer4f : dpm_pipe.oer4f (.text:DPM_pipeInit)
                  0001c268    0000002c     libedma_xwr68xx.aer4f : edma.oer4f (.text:EDMA_validate_channelIdchannelType)
                  0001c294    0000002c     libgpio_xwr68xx.aer4f : gpio.oer4f (.text:GPIO_HighPriorityISR)
                  0001c2c0    0000002c                           : gpio.oer4f (.text:GPIO_LowPriorityISR)
                  0001c2ec    0000002c     libmmwave_xwr68xx.aer4f : mmwave_osal.oer4f (.text:MMWave_osalMutexCreate)
                  0001c318    0000002c                             : mmwave_osal.oer4f (.text:MMWave_osalSemCreate)
                  0001c344    0000002c     main.oer4f (.text:MmwDemo_DPC_ObjectDetection_processFrameBeginCallBackFxn)
                  0001c370    0000002c     libsoc_xwr68xx.aer4f : soc_xwr68xx_mss.oer4f (.text:SOC_waitBSSPowerUp)
                  0001c39c    0000002c     libmmwavelink_xwr68xx.aer4f : rl_device.oer4f (.text:rlDeviceGetMssVersion)
                  0001c3c8    0000002c                                 : rl_sensor.oer4f (.text:rlSensorStop)
                  0001c3f4    0000002c     rtsv7R4_T_le_v3D16_eabi.lib : unlink.obj (.text)
                  0001c420    0000002c     mmw_per4ft.oer4ft (.text:ti_sysbios_BIOS_atExitFunc__I)
                  0001c44c    0000002c     mmw_per4ft.oer4ft (.text:ti_sysbios_knl_Clock_doTick__I)
                  0001c478    0000002c     mmw_per4ft.oer4ft (.text:ti_sysbios_knl_Queue_construct)
                  0001c4a4    0000000a     libosal_xwr68xx.aer4f : SemaphoreP_tirtos.oer4f (.text:SemaphoreP_post)
                  0001c4ae    00000002     --HOLE-- [fill = 0]
                  0001c4b0    0000002c     sysbios.aer4ft : BIOS.obj (.text:ti_sysbios_timers_rti_Timer_periodicStub__E)
                  0001c4dc    0000002a     objectdetection.oer4f (.text:DPC_ObjDet_MemPoolAlloc)
                  0001c506    0000002a     libdpm_xwr68xx.aer4f : dpm_pipe.oer4f (.text:DPM_pipeDeinit)
                  0001c530    0000002a     libedma_xwr68xx.aer4f : edma.oer4f (.text:EDMA_isError)
                  0001c55a    0000002a     mmwdemo_adcconfig.oer4f (.text:MmwDemo_ADCBufOpen)
                  0001c584    0000002a     libsoc_xwr68xx.aer4f : soc.oer4f (.text:SOC_SystemISR)
                  0001c5ae    0000002a     libmmwavelink_xwr68xx.aer4f : rl_device.oer4f (.text:rlDeviceGetMmWaveLinkVersion)
                  0001c5d8    0000002a     rtsv7R4_T_le_v3D16_eabi.lib : strspn.obj (.text)
                  0001c602    00000002     --HOLE-- [fill = 0]
                  0001c604    00000028     libcbuff_xwr68xx.aer4f : cbuff.oer4f (.text:CBUFF_ErrorISR)
                  0001c62c    00000028                            : cbuff.oer4f (.text:CBUFF_FrameStartISR)
                  0001c654    00000028     libdpm_xwr68xx.aer4f : dpm_mailbox.oer4f (.text:DPM_mboxDeinit)
                  0001c67c    00000028                          : dpm_msg.oer4f (.text:DPM_msgInitHeader)
                  0001c6a4    00000028     rangeprochwa.oer4f (.text:DPU_RangeProcHWA_deinit)
                  0001c6cc    00000028     libmailbox_xwr68xx.aer4f : mailbox.oer4f (.text:Mailbox_Config_init)
                  0001c6f4    00000028     main.oer4f (.text:MmwDemo_CfgUpdate)
                  0001c71c    00000028     main.oer4f (.text:MmwDemo_DPC_ObjectDetection_processInterFrameBeginCallBackFxn)
                  0001c744    00000028     libqspiflash_xwr68xx.aer4f : qspiflash.oer4f (.text:QSPIFlash_getExtFlashAddr)
                  0001c76c    00000028     libuart_xwr68xx.aer4f : uartsci_dma.oer4f (.text:UartSci_RxDMACallbackFxn)
                  0001c794    00000028                           : uartsci_dma.oer4f (.text:UartSci_TxDMACallbackFxn)
                  0001c7bc    00000028     mmwdemo_flash.oer4f (.text:mmwDemo_flashEraseOneSector)
                  0001c7e4    00000028     libmmwavelink_xwr68xx.aer4f : rl_driver.oer4f (.text:rlDriverConstructInMsg)
                  0001c80c    00000028     rtsv7R4_T_le_v3D16_eabi.lib : lseek.obj (.text)
                  0001c834    00000028                                 : write.obj (.text)
                  0001c85c    00000004     mmw_per4ft.oer4ft (.text:ti_sysbios_knl_Clock_TimerProxy_getMaxTicks__E)
                  0001c860    00000028     sysbios.aer4ft : BIOS.obj (.text:ti_sysbios_knl_Idle_run__E)
                  0001c888    00000004     mmw_per4ft.oer4ft (.text:ti_sysbios_knl_Semaphore_delete)
                  0001c88c    00000004     mmw_per4ft.oer4ft (.text:xdc_runtime_LoggerBuf_Module_GateProxy_enter__E)
                  0001c890    00000028     sysbios.aer4ft : BIOS.obj (.text:xdc_runtime_SysStd_abort__E)
                  0001c8b8    00000004     mmw_per4ft.oer4ft (.text:xdc_runtime_LoggerBuf_Module_GateProxy_leave__E)
                  0001c8bc    00000004     mmw_per4ft.oer4ft (.text:xdc_runtime_System_Module_GateProxy_enter__E)
                  0001c8c0    00000028     sysbios.aer4ft : BIOS.obj (.text:xdc_runtime_System_aprintf_va__F)
                  0001c8e8    00000026     mmwdemo_monitor.oer4f (.text:mmwDemo_cfgRxSaturationMonitor)
                  0001c90e    00000026     libmmwavelink_xwr68xx.aer4f : rl_monitoring.oer4f (.text:rlRfAnaMonConfig)
                  0001c934    00000026                                 : rl_sensor.oer4f (.text:rlRfApllSynthBwCtlConfig)
                  0001c95a    00000026                                 : rl_sensor.oer4f (.text:rlRfGetTemperatureReport)
                  0001c980    00000026                                 : rl_sensor.oer4f (.text:rlRfInitCalibConfig)
                  0001c9a6    00000026                                 : rl_sensor.oer4f (.text:rlRfRunTimeCalibConfig)
                  0001c9cc    00000026                                 : rl_monitoring.oer4f (.text:rlRfRxIfSatMonConfig)
                  0001c9f2    00000026                                 : rl_monitoring.oer4f (.text:rlRfRxSigImgMonConfig)
                  0001ca18    00000026                                 : rl_sensor.oer4f (.text:rlRfSetCalMonFreqLimitConfig)
                  0001ca3e    00000026                                 : rl_sensor.oer4f (.text:rlRfSetDeviceCfg)
                  0001ca64    00000026                                 : rl_sensor.oer4f (.text:rlRfSetLdoBypassConfig)
                  0001ca8a    00000026                                 : rl_sensor.oer4f (.text:rlSetAdcOutConfig)
                  0001cab0    00000026                                 : rl_sensor.oer4f (.text:rlSetBpmCommonConfig)
                  0001cad6    00000026                                 : rl_sensor.oer4f (.text:rlSetChannelConfig)
                  0001cafc    00000026                                 : rl_sensor.oer4f (.text:rlSetContModeConfig)
                  0001cb22    00000026     rtsv7R4_T_le_v3D16_eabi.lib : memcmp.obj (.text)
                  0001cb48    00000004     mmw_per4ft.oer4ft (.text:xdc_runtime_System_Module_GateProxy_leave__E)
                  0001cb4c    00000004     --HOLE-- [fill = 0]
                  0001cb50    00000026     sysbios.aer4ft : BIOS.obj (.text:xdc_runtime_System_printf_va__F)
                  0001cb76    00000002     --HOLE-- [fill = 0]
                  0001cb78    00000025     main.oer4f (.text:_MmwDemo_debugAssert)
                  0001cb9d    00000001     --HOLE-- [fill = 0]
                  0001cb9e    00000024     libcrc_xwr68xx.aer4f : crc.oer4f (.text:CRC_isTransactionIdValid)
[...]
0001f00c  ti_sysbios_utils_Load_LS_cpuLoad__C                                  
0001f010  ti_sysbios_utils_Load_LS_taskLoad__C                                 
0001f014  ti_sysbios_utils_Load_Module_State_taskList__O                       
0001f018  ti_sysbios_utils_Load_Module__diagsEnabled__C                        
0001f01c  ti_sysbios_utils_Load_Module__diagsIncluded__C                       
0001f020  ti_sysbios_utils_Load_Module__diagsMask__C                           
0001f024  ti_sysbios_utils_Load_Module__loggerFxn1__C                          
0001f028  ti_sysbios_utils_Load_Module__loggerFxn4__C                          
0001f02c  ti_sysbios_utils_Load_Module__loggerObj__C                           
0001f030  ti_sysbios_utils_Load_postUpdate__C                                  
0001f034  ti_sysbios_utils_Load_windowInMs__C                                  
0001f038  xdc_runtime_Assert_E_assertFailed__C                                 
0001f03c  xdc_runtime_Core_A_initializedParams__C                              
0001f040  xdc_runtime_Core_Module__diagsEnabled__C                             
0001f044  xdc_runtime_Core_Module__diagsIncluded__C                            
0001f048  xdc_runtime_Core_Module__diagsMask__C                                
0001f04c  xdc_runtime_Error_E_memory__C                                        
0001f050  xdc_runtime_Error_Module__diagsEnabled__C                            
0001f054  xdc_runtime_Error_Module__diagsIncluded__C                           
0001f058  xdc_runtime_Error_Module__diagsMask__C                               
0001f05c  xdc_runtime_Error_Module__loggerFxn8__C                              
0001f060  xdc_runtime_Error_Module__loggerObj__C                               
0001f064  xdc_runtime_Error_policyFxn__C                                       
0001f068  xdc_runtime_Error_policy__C                                          
0001f06c  xdc_runtime_Error_raiseHook__C                                       
0001f070  xdc_runtime_IFilterLogger_Interface__BASE__C                         
0001f074  xdc_runtime_IGateProvider_Interface__BASE__C                         
0001f078  xdc_runtime_IHeap_Interface__BASE__C                                 
0001f07c  xdc_runtime_ILogger_Interface__BASE__C                               
0001f080  xdc_runtime_IModule_Interface__BASE__C                               
0001f084  xdc_runtime_Log_L_error__C                                           
0001f088  xdc_runtime_LoggerBuf_E_badLevel__C                                  
0001f08c  xdc_runtime_LoggerBuf_Module__gateObj__C                             
0001f090  xdc_runtime_LoggerBuf_Object__count__C                               
0001f094  xdc_runtime_LoggerBuf_statusLogger__C                                
0001f098  xdc_runtime_Main_Module__diagsEnabled__C                             
0001f09c  xdc_runtime_Main_Module__diagsIncluded__C                            
0001f0a0  xdc_runtime_Main_Module__diagsMask__C                                
0001f0a4  xdc_runtime_Main_Module__loggerFxn1__C                               
0001f0a8  xdc_runtime_Main_Module__loggerFxn2__C                               
0001f0ac  xdc_runtime_Main_Module__loggerFxn4__C                               
0001f0b0  xdc_runtime_Main_Module__loggerObj__C                                
0001f0b4  xdc_runtime_Memory_defaultHeapInstance__C                            
0001f0b8  xdc_runtime_Startup_execImpl__C                                      
0001f0bc  xdc_runtime_Startup_maxPasses__C                                     
0001f0c0  xdc_runtime_Startup_sfxnRts__C                                       
0001f0c4  xdc_runtime_Startup_sfxnTab__C                                       
0001f0c8  xdc_runtime_System_Module__gateObj__C                                
0001f0cc  xdc_runtime_System_abortFxn__C                                       
0001f0d0  xdc_runtime_System_exitFxn__C                                        
0001f0d4  xdc_runtime_System_extendFxn__C                                      
0001f0d8  xdc_runtime_System_maxAtexitHandlers__C                              
0001f0dc  xdc_runtime_Text_charTab__C                                          
0001f0e0  xdc_runtime_Text_nameEmpty__C                                        
0001f0e4  xdc_runtime_Text_nameStatic__C                                       
0001f0e8  xdc_runtime_Text_nameUnknown__C                                      
0001f0ec  xdc_runtime_Text_visitRopeFxn__C                                     
0001f0f0  ti_sysbios_family_arm_v7r_tms570_Core_Module__id__C                  
0001f0f2  ti_sysbios_family_arm_v7r_vim_Hwi_Module__id__C                      
0001f0f4  ti_sysbios_family_arm_v7r_vim_Hwi_Module__loggerDefined__C           
0001f0f6  ti_sysbios_gates_GateMutex_Module__id__C                             
0001f0f8  ti_sysbios_hal_Hwi_Module__id__C                                     
0001f0fa  ti_sysbios_heaps_HeapMem_Module__id__C                               
0001f0fc  ti_sysbios_knl_Clock_Module__id__C                                   
0001f0fe  ti_sysbios_knl_Clock_Module__loggerDefined__C                        
0001f100  ti_sysbios_knl_Semaphore_Module__id__C                               
0001f102  ti_sysbios_knl_Semaphore_Module__loggerDefined__C                    
0001f104  ti_sysbios_knl_Task_Module__id__C                                    
0001f106  ti_sysbios_knl_Task_Module__loggerDefined__C                         
0001f108  ti_sysbios_timers_rti_Timer_Module__id__C                            
0001f10a  ti_sysbios_timers_rti_Timer_continueOnSuspend__C                     
0001f10c  ti_sysbios_utils_Load_Module__id__C                                  
0001f10e  ti_sysbios_utils_Load_Module__loggerDefined__C                       
0001f110  ti_sysbios_utils_Load_autoAddTasks__C                                
0001f112  ti_sysbios_utils_Load_updateInIdle__C                                
0001f114  xdc_runtime_Core_Module__id__C                                       
0001f116  xdc_runtime_Error_Module__loggerDefined__C                           
0001f118  xdc_runtime_Error_maxDepth__C                                        
0001f11a  xdc_runtime_LoggerBuf_Module__id__C                                  
0001f11c  xdc_runtime_LoggerBuf_filterByLevel__C                               
0001f11e  xdc_runtime_Main_Module__id__C                                       
0001f120  xdc_runtime_Main_Module__loggerDefined__C                            
0001f122  xdc_runtime_Memory_Module__id__C                                     
0001f124  xdc_runtime_Text_charCnt__C                                          
0001f126  xdc_runtime_Text_isLoaded__C                                         
0001f128  xdc_runtime_Text_registryModsLastId__C                               
0001f12a  xdc_runtime_Text_unnamedModsLastId__C                                
0001f130  __TI_static_base__                                                   
0001f670  __TI_Handler_Table_Base                                              
0001f67c  __TI_Handler_Table_Limit                                             
0001f6a8  __TI_CINIT_Base                                                      
0001f6d8  __TI_CINIT_Limit                                                     
08000000  ti_sysbios_heaps_HeapMem_Instance_State_0_buf__A                     
08010000  gDPC_ObjDetTCM                                                       
0801c400  xdc_runtime_LoggerBuf_Instance_State_0_entryArr__A                   
0801dd00  ti_sysbios_family_arm_exc_Exception_Module_State_0_excStack_0__A     
0801ed00  edmaDbg                                                              
0801f408  ti_sysbios_knl_Task_Instance_State_0_stack__A                        
0801f728  gCLI                                                                 
0801f8d0  gGPIOMCB                                                             
0801fa64  __CIOBUF_                                                            
0801fb84  gMMWave_MCB                                                          
0801fc84  __TI_tmpnams                                                         
0801fd24  ti_sysbios_knl_Task_Instance_State_0_hookEnv__A                      
0801fd28  gHSIHeaderMCB                                                        
0801fdb8  gEsmMCB                                                              
0801fe28  gRangeTiming                                                         
0801fe78  mProcCnt                                                             
0801fe94  gMmwDemoFlash                                                        
0801fea0  gMMWave_DualcoreMCB                                                  
0801fea8  parmbuf                                                              
0801feb0  gRFLdoBypassCfg                                                      
0801fec0  currStats                                                            
0801fec4  prevStats                                                            
0801ff54  transmitBufferHWA32                                                  
08020158  gCalibDataStorage                                                    
080205b8  gMmwMCB                                                              
08020dd0  rl_txMsg                                                             
08020ed0  rl_rxMsg                                                             
080211b8  gCLI_mmwave_freq_scale_factor                                        
080211c0  gCLIMMWaveOpenCfg                                                    
080211e8  gCLIMMWaveExtensionTable                                             
08021290  gCLIMMWaveControlCfg                                                 
0802135c  partInfoStringArray                                                  
08021520  ti_sysbios_family_arm_v7r_vim_Hwi_Module_State_0_dispatchTable__A    
08021720  _ftable                                                              
08021810  ti_sysbios_utils_Load_Module__state__V                               
080218a8  ti_sysbios_knl_Task_Module_State_0_readyQ__A                         
08021928  _device                                                              
080219a0  gCBUFFHwAttribute                                                    
08021a18  ti_sysbios_knl_Task_Object__table__V                                 
08021a74  gUartSciHwCfg                                                        
08021acc  _stream                                                              
08021b1c  gMailboxMCB                                                          
08021b6c  ti_sysbios_knl_Task_Module__state__V                                 
08021bb4  cntTriggerHWA                                                        
08021bb5  formatHWA                                                            
08021bb8  pDPParams                                                            
08021bbc  process                                                              
08021bc0  pStaticCfg                                                           
08021bf8  SOC_TranslateAddr_LUT                                                
08021c38  ti_sysbios_gates_GateMutex_Object__table__V                          
08021c78  ti_sysbios_timers_rti_Timer_Object__table__V                         
08021cb4  gCBUFFInterfaceFxn                                                   
08021cec  MmwDemo_RFParserHwCfg                                                
08021cf4  profileCfg                                                           
08021d20  ti_sysbios_family_arm_v7r_vim_Hwi_Module__state__V                   
08021d54  gHWAHwCfg                                                            
08021d84  ti_sysbios_family_arm_v7r_vim_Hwi_Object__table__V                   
08021db0  ti_sysbios_knl_Clock_Module__state__V                                
08021ddc  gUartSciFxnTable                                                     
08021e04  UART_config                                                          
08021e28  gDPC_ObjectDetectionCfg                                              
08021e4c  ti_sysbios_BIOS_Module__state__V                                     
08021e70  xdc_runtime_LoggerBuf_Object__table__V                               
08021e94  gHWADriverPtr                                                        
08021e98  gSOCHwAttrib                                                         
08021eb8  ti_sysbios_knl_Clock_Object__table__V                                
08021ed8  xdc_runtime_Error_IgnoreBlock                                        
08021ef8  xdc_runtime_System_Module_State_0_atexitHandlers__A                  
08021f1c  gObjDetObj                                                           
08021f24  subFrameExecute                                                      
08021f28  outRange                                                             
08021f34  gAntDef_IWR6843AOP                                                   
08021f50  gCycleStats                                                          
08021f6c  ti_sysbios_utils_Load_Module_State_0_taskEnv__A                      
08021f88  ADCBuf_config                                                        
08021fa0  gInterleavedTransferFxn                                              
08021fb8  gMailboxMssBssHwCfg                                                  
08021fd0  gMailboxMssDssHwCfg                                                  
08021fe8  gMultipleChirpNonInterleavedTransferFxn                              
08022000  gNonInterleavedTransferFxn                                           
08022018  ti_sysbios_heaps_HeapMem_Object__table__V                            
08022030  ti_sysbios_timers_rti_Timer_Module_State_0_device__A                 
08022048  centerFreq                                                           
0802204c  guiMonSel                                                            
08022052  cfarCfg                                                              
0802205c  gDPMRemoteTable                                                      
08022070  ti_sysbios_family_arm_exc_Exception_Module__state__V                 
08022084  gHwaEDMAChanMapping                                                  
08022094  gQSPIHwCfg                                                           
080220a4  __TI_ft_end                                                          
080220a8  __aeabi_stdin                                                        
080220ac  __aeabi_stdout                                                       
080220b0  __aeabi_stderr                                                       
080220b4  ti_sysbios_timers_rti_Timer_Module_State_0_intFreqs__A               
080220c4  ti_sysbios_timers_rti_Timer_Module__state__V                         
080220d4  __TI_cleanup_ptr                                                     
080220d8  __TI_dtors_ptr                                                       
080220dc  __TI_enable_exit_profile_output                                      
080220e0  gESMHwCfgAttrs                                                       
080220ec  ti_sysbios_family_arm_v7a_Pmu_Module__state__V                       
080220f8  ti_sysbios_knl_Task_Module__root__V                                  
08022104  _lock                                                                
08022108  _unlock                                                              
0802210c  QSPIFlash_deviceFxnTbl_macronix                                      
08022114  QSPIFlash_deviceFxnTbl_spansion                                      
0802211c  gDPMHwAttrib                                                         
08022124  gGPIOHwAtrrib                                                        
0802212c  ti_sysbios_family_arm_v7r_vim_Hwi_Module__root__V                    
08022134  ti_sysbios_gates_GateHwi_Module__root__V                             
0802213c  ti_sysbios_gates_GateMutex_Module__root__V                           
08022144  ti_sysbios_hal_Hwi_Object__table__V                                  
0802214c  ti_sysbios_heaps_HeapMem_Module__root__V                             
08022154  ti_sysbios_knl_Queue_Module__root__V                                 
0802215c  ti_sysbios_knl_Semaphore_Module__root__V                             
08022164  ti_sysbios_timers_rti_Timer_Module_State_0_handles__A                
0802216c  xdc_runtime_LoggerBuf_Module__root__V                                
08022174  xdc_runtime_Registry_Module__state__V                                
0802217c  xdc_runtime_Startup_Module__state__V                                 
08022184  xdc_runtime_System_Module__state__V                                  
0802218c  xdc_runtime_LoggerBuf_Module__state__V                               
08022192  ti_sysbios_family_arm_exc_Exception_Module_State_0_excActive__A      
08022194  gQSPIFlashHwCfg                                                      
0802219c  gCRCRegister                                                         
080221a0  gDPM                                                                 
080221a4  regionId                                                             
080221a8  gPinmuxRegs                                                          
080221ac  gQSPIDriverPtr                                                       
080221b4  errno                                                                
080221c0  main_func_sp                                                         
080221c8  ti_sysbios_family_arm_a15_TimestampProvider_Module__state__V         
080221cc  ti_sysbios_family_arm_exc_Exception_Module_State_0_excContext__A     
080221d0  ti_sysbios_family_arm_exc_Exception_Module_State_0_excStackBuffers__A
080221d4  ti_sysbios_family_arm_exc_Exception_Module_State_0_excStack__A       
080221d8  ti_sysbios_gates_GateHwi_Object__table__V                            
080221dc  ti_sysbios_heaps_HeapBuf_Module__state__V                            
080221e0  ti_sysbios_knl_Task_Module_State_0_idleTask__A                       
080221e4  ti_sysbios_utils_Load_Module_State_0_runningTask__A                  
080221e8  ti_sysbios_utils_Load_Module_State_0_taskStartTime__A                
080221ec  xdc_runtime_Memory_Module__state__V                                  
080221f0  xdc_runtime_Error_Module__state__V                                   
080221f2  xdc_runtime_Main_Module__root__V                                     
080221f8  ti_sysbios_family_arm_v7r_vim_Hwi_Module_State_0_fiqStack__A         
080229f8  __stack                                                              
08022ea8  __STACK_END                                                          
51000000  gMmwL3                                                               
fffffdec  ti_sysbios_family_arm_v7r_vim_Hwi_vim                                
ffffffff  __TI_pprof_out_hndl                                                  
ffffffff  __TI_prof_data_size                                                  
ffffffff  __TI_prof_data_start                                                 
ffffffff  __binit__                                                            
ffffffff  __c_args__                                                           
ffffffff  binit                                                                
UNDEFED   SHT$$INIT_ARRAY$$Base                                                
UNDEFED   SHT$$INIT_ARRAY$$Limit                                               

[1209 symbols]
